Archive member included because of file (symbol)

C:/Program Files/CodeSourcery/Sourcery G++ Lite/arm-none-eabi/lib/thumb2\libcs3.a(start_c.o)
                              (__cs3_start_c)
C:/Program Files/CodeSourcery/Sourcery G++ Lite/arm-none-eabi/lib/thumb2\libcs3unhosted.a(unhosted-start.o)
                              E:/NXP/nxpmcu/LPC1700CMSIS/Core/CM3/DeviceSupport/NXP/LPC17xx/startup/gcc/startup_LPC17xx.o (_start)
C:/Program Files/CodeSourcery/Sourcery G++ Lite/arm-none-eabi/lib/thumb2\libc.a(lib_a-init.o)
                              C:/Program Files/CodeSourcery/Sourcery G++ Lite/arm-none-eabi/lib/thumb2\libcs3.a(start_c.o) (__libc_init_array)

Allocating common symbols
Common symbol       size              file

Slave_Buf           0x10              i2c_master_slave_int_test.o
_db_dec             0x4               E:/NXP/nxpmcu/LPC1700CMSIS/Drivers/source/debug_frmwrk.o
complete_S          0x1               i2c_master_slave_int_test.o
_db_dec_32          0x4               E:/NXP/nxpmcu/LPC1700CMSIS/Drivers/source/debug_frmwrk.o
_db_hex_32          0x4               E:/NXP/nxpmcu/LPC1700CMSIS/Drivers/source/debug_frmwrk.o
_db_dec_16          0x4               E:/NXP/nxpmcu/LPC1700CMSIS/Drivers/source/debug_frmwrk.o
slave_test          0x2               i2c_master_slave_int_test.o
master_test         0x2               i2c_master_slave_int_test.o
_db_msg             0x4               E:/NXP/nxpmcu/LPC1700CMSIS/Drivers/source/debug_frmwrk.o
Master_Buf          0x10              i2c_master_slave_int_test.o
_db_get_char        0x4               E:/NXP/nxpmcu/LPC1700CMSIS/Drivers/source/debug_frmwrk.o
_db_msg_            0x4               E:/NXP/nxpmcu/LPC1700CMSIS/Drivers/source/debug_frmwrk.o
_db_char            0x4               E:/NXP/nxpmcu/LPC1700CMSIS/Drivers/source/debug_frmwrk.o
_db_hex             0x4               E:/NXP/nxpmcu/LPC1700CMSIS/Drivers/source/debug_frmwrk.o
complete_M          0x1               i2c_master_slave_int_test.o
_db_hex_16          0x4               E:/NXP/nxpmcu/LPC1700CMSIS/Drivers/source/debug_frmwrk.o

Memory Configuration

Name             Origin             Length             Attributes
rom              0x00000000         0x00080000         xr
ram              0x10000000         0x00008000         xrw
ram1             0x2007c000         0x00004000         xrw
ram2             0x20080000         0x00004000         xrw
*default*        0x00000000         0xffffffff

Linker script and memory map

LOAD c:/program files/codesourcery/sourcery g++ lite/bin/../lib/gcc/arm-none-eabi/4.3.3/thumb2/crti.o
LOAD c:/program files/codesourcery/sourcery g++ lite/bin/../lib/gcc/arm-none-eabi/4.3.3/thumb2/crtbegin.o
LOAD i2c_master_slave_int_test.o
LOAD E:/NXP/nxpmcu/LPC1700CMSIS/Core/CM3/CoreSupport/core_cm3.o
LOAD E:/NXP/nxpmcu/LPC1700CMSIS/Core/CM3/DeviceSupport/NXP/LPC17xx/system_LPC17xx.o
LOAD E:/NXP/nxpmcu/LPC1700CMSIS/Core/CM3/DeviceSupport/NXP/LPC17xx/startup/gcc/startup_LPC17xx.o
LOAD E:/NXP/nxpmcu/LPC1700CMSIS/Drivers/source/debug_frmwrk.o
LOAD E:/NXP/nxpmcu/LPC1700CMSIS/Drivers/source/lpc17xx_adc.o
LOAD E:/NXP/nxpmcu/LPC1700CMSIS/Drivers/source/lpc17xx_can.o
LOAD E:/NXP/nxpmcu/LPC1700CMSIS/Drivers/source/lpc17xx_clkpwr.o
LOAD E:/NXP/nxpmcu/LPC1700CMSIS/Drivers/source/lpc17xx_dac.o
LOAD E:/NXP/nxpmcu/LPC1700CMSIS/Drivers/source/lpc17xx_emac.o
LOAD E:/NXP/nxpmcu/LPC1700CMSIS/Drivers/source/lpc17xx_exti.o
LOAD E:/NXP/nxpmcu/LPC1700CMSIS/Drivers/source/lpc17xx_gpdma.o
LOAD E:/NXP/nxpmcu/LPC1700CMSIS/Drivers/source/lpc17xx_gpio.o
LOAD E:/NXP/nxpmcu/LPC1700CMSIS/Drivers/source/lpc17xx_i2c.o
LOAD E:/NXP/nxpmcu/LPC1700CMSIS/Drivers/source/lpc17xx_i2s.o
LOAD E:/NXP/nxpmcu/LPC1700CMSIS/Drivers/source/lpc17xx_libcfg_default.o
LOAD E:/NXP/nxpmcu/LPC1700CMSIS/Drivers/source/lpc17xx_mcpwm.o
LOAD E:/NXP/nxpmcu/LPC1700CMSIS/Drivers/source/lpc17xx_nvic.o
LOAD E:/NXP/nxpmcu/LPC1700CMSIS/Drivers/source/lpc17xx_pinsel.o
LOAD E:/NXP/nxpmcu/LPC1700CMSIS/Drivers/source/lpc17xx_pwm.o
LOAD E:/NXP/nxpmcu/LPC1700CMSIS/Drivers/source/lpc17xx_qei.o
LOAD E:/NXP/nxpmcu/LPC1700CMSIS/Drivers/source/lpc17xx_rit.o
LOAD E:/NXP/nxpmcu/LPC1700CMSIS/Drivers/source/lpc17xx_rtc.o
LOAD E:/NXP/nxpmcu/LPC1700CMSIS/Drivers/source/lpc17xx_spi.o
LOAD E:/NXP/nxpmcu/LPC1700CMSIS/Drivers/source/lpc17xx_ssp.o
LOAD E:/NXP/nxpmcu/LPC1700CMSIS/Drivers/source/lpc17xx_systick.o
LOAD E:/NXP/nxpmcu/LPC1700CMSIS/Drivers/source/lpc17xx_timer.o
LOAD E:/NXP/nxpmcu/LPC1700CMSIS/Drivers/source/lpc17xx_uart.o
LOAD E:/NXP/nxpmcu/LPC1700CMSIS/Drivers/source/lpc17xx_wdt.o
START GROUP
LOAD C:/Program Files/CodeSourcery/Sourcery G++ Lite/arm-none-eabi/lib/thumb2\libc.a
LOAD C:/Program Files/CodeSourcery/Sourcery G++ Lite/arm-none-eabi/lib/thumb2\libg.a
LOAD C:/Program Files/CodeSourcery/Sourcery G++ Lite/arm-none-eabi/lib/thumb2\libstdc++.a
LOAD C:/Program Files/CodeSourcery/Sourcery G++ Lite/arm-none-eabi/lib/thumb2\libsupc++.a
LOAD C:/Program Files/CodeSourcery/Sourcery G++ Lite/lib/gcc/arm-none-eabi/4.3.3/thumb2\libgcc.a
LOAD C:/Program Files/CodeSourcery/Sourcery G++ Lite/arm-none-eabi/lib/thumb2\libm.a
END GROUP
START GROUP
LOAD C:/Program Files/CodeSourcery/Sourcery G++ Lite/lib/gcc/arm-none-eabi/4.3.3/thumb2\libgcc.a
LOAD C:/Program Files/CodeSourcery/Sourcery G++ Lite/arm-none-eabi/lib/thumb2\libc.a
LOAD C:/Program Files/CodeSourcery/Sourcery G++ Lite/arm-none-eabi/lib/thumb2\libcs3.a
LOAD C:/Program Files/CodeSourcery/Sourcery G++ Lite/arm-none-eabi/lib/thumb2\libcs3unhosted.a
LOAD C:/Program Files/CodeSourcery/Sourcery G++ Lite/arm-none-eabi/lib/thumb2\libcs3micro.a
END GROUP
                0x10008000                PROVIDE (__cs3_stack, (__cs3_region_start_ram + __cs3_region_size_ram))
                0x00007d48                PROVIDE (__cs3_stack_size, ((__cs3_region_start_ram + __cs3_region_size_ram) - _end))
                0x100002b8                PROVIDE (__cs3_heap_start, _end)
                0x10008000                PROVIDE (__cs3_heap_end, (__cs3_region_start_ram + __cs3_region_size_ram))

.text           0x00000000     0x55a4
 CREATE_OBJECT_SYMBOLS
                0x00000000                __cs3_region_start_rom = .
 *(.cs3.region-head.rom)
                0x00000000                __cs3_interrupt_vector = __cs3_interrupt_vector_cortex_m
 *(.cs3.interrupt_vector)
 .cs3.interrupt_vector
                0x00000000       0xcc E:/NXP/nxpmcu/LPC1700CMSIS/Core/CM3/DeviceSupport/NXP/LPC17xx/startup/gcc/startup_LPC17xx.o
                0x00000000                __cs3_interrupt_vector_cortex_m
                0x00000001                ASSERT ((. != __cs3_interrupt_vector_cortex_m), No interrupt vector)
 *(.rom)
 *(.rom.b)
                0x000000cc                __cs3_reset = __cs3_reset_cortex_m
 *(.cs3.reset)
 .cs3.reset     0x000000cc       0x10 E:/NXP/nxpmcu/LPC1700CMSIS/Core/CM3/DeviceSupport/NXP/LPC17xx/startup/gcc/startup_LPC17xx.o
                0x000000cc                __cs3_reset_cortex_m
                0x00000001                ASSERT ((. != __cs3_reset), No reset code)
 *(.text .text.* .gnu.linkonce.t.*)
 .text          0x000000dc        0x0 c:/program files/codesourcery/sourcery g++ lite/bin/../lib/gcc/arm-none-eabi/4.3.3/thumb2/crti.o
 .text          0x000000dc       0x68 c:/program files/codesourcery/sourcery g++ lite/bin/../lib/gcc/arm-none-eabi/4.3.3/thumb2/crtbegin.o
 .text          0x00000144        0x0 i2c_master_slave_int_test.o
 .text.I2C0_IRQHandler
                0x00000144       0x34 i2c_master_slave_int_test.o
                0x00000144                I2C0_IRQHandler
 .text.I2C2_IRQHandler
                0x00000178       0x34 i2c_master_slave_int_test.o
                0x00000178                I2C2_IRQHandler
 .text.print_menu
                0x000001ac       0x24 i2c_master_slave_int_test.o
                0x000001ac                print_menu
 .text.Buffer_Init
                0x000001d0       0x84 i2c_master_slave_int_test.o
                0x000001d0                Buffer_Init
 .text.Error_Loop_M
                0x00000254        0xc i2c_master_slave_int_test.o
                0x00000254                Error_Loop_M
 .text.Error_Loop_S
                0x00000260        0xc i2c_master_slave_int_test.o
                0x00000260                Error_Loop_S
 .text.c_entry  0x0000026c      0x61c i2c_master_slave_int_test.o
                0x0000026c                c_entry
 .text.NVIC_DisableIRQ
                0x00000888       0x3c i2c_master_slave_int_test.o
 .text.NVIC_SetPriority
                0x000008c4       0x5c i2c_master_slave_int_test.o
 .text.main     0x00000920       0x10 i2c_master_slave_int_test.o
                0x00000920                main
 .text.check_failed
                0x00000930        0xc i2c_master_slave_int_test.o
                0x00000930                check_failed
 .text          0x0000093c        0x0 E:/NXP/nxpmcu/LPC1700CMSIS/Core/CM3/CoreSupport/core_cm3.o
 .text.__get_PSP
                0x0000093c       0x10 E:/NXP/nxpmcu/LPC1700CMSIS/Core/CM3/CoreSupport/core_cm3.o
                0x0000093c                __get_PSP
 .text.__set_PSP
                0x0000094c        0x8 E:/NXP/nxpmcu/LPC1700CMSIS/Core/CM3/CoreSupport/core_cm3.o
                0x0000094c                __set_PSP
 .text.__get_MSP
                0x00000954       0x10 E:/NXP/nxpmcu/LPC1700CMSIS/Core/CM3/CoreSupport/core_cm3.o
                0x00000954                __get_MSP
 .text.__set_MSP
                0x00000964        0x8 E:/NXP/nxpmcu/LPC1700CMSIS/Core/CM3/CoreSupport/core_cm3.o
                0x00000964                __set_MSP
 .text.__get_BASEPRI
                0x0000096c       0x20 E:/NXP/nxpmcu/LPC1700CMSIS/Core/CM3/CoreSupport/core_cm3.o
                0x0000096c                __get_BASEPRI
 .text.__set_BASEPRI
                0x0000098c       0x18 E:/NXP/nxpmcu/LPC1700CMSIS/Core/CM3/CoreSupport/core_cm3.o
                0x0000098c                __set_BASEPRI
 .text.__get_PRIMASK
                0x000009a4       0x20 E:/NXP/nxpmcu/LPC1700CMSIS/Core/CM3/CoreSupport/core_cm3.o
                0x000009a4                __get_PRIMASK
 .text.__set_PRIMASK
                0x000009c4       0x18 E:/NXP/nxpmcu/LPC1700CMSIS/Core/CM3/CoreSupport/core_cm3.o
                0x000009c4                __set_PRIMASK
 .text.__get_FAULTMASK
                0x000009dc       0x20 E:/NXP/nxpmcu/LPC1700CMSIS/Core/CM3/CoreSupport/core_cm3.o
                0x000009dc                __get_FAULTMASK
 .text.__set_FAULTMASK
                0x000009fc       0x18 E:/NXP/nxpmcu/LPC1700CMSIS/Core/CM3/CoreSupport/core_cm3.o
                0x000009fc                __set_FAULTMASK
 .text.__get_CONTROL
                0x00000a14       0x20 E:/NXP/nxpmcu/LPC1700CMSIS/Core/CM3/CoreSupport/core_cm3.o
                0x00000a14                __get_CONTROL
 .text.__set_CONTROL
                0x00000a34       0x18 E:/NXP/nxpmcu/LPC1700CMSIS/Core/CM3/CoreSupport/core_cm3.o
                0x00000a34                __set_CONTROL
 .text.__REV    0x00000a4c       0x24 E:/NXP/nxpmcu/LPC1700CMSIS/Core/CM3/CoreSupport/core_cm3.o
                0x00000a4c                __REV
 .text.__REV16  0x00000a70       0x24 E:/NXP/nxpmcu/LPC1700CMSIS/Core/CM3/CoreSupport/core_cm3.o
                0x00000a70                __REV16
 .text.__REVSH  0x00000a94       0x24 E:/NXP/nxpmcu/LPC1700CMSIS/Core/CM3/CoreSupport/core_cm3.o
                0x00000a94                __REVSH
 .text.__RBIT   0x00000ab8       0x24 E:/NXP/nxpmcu/LPC1700CMSIS/Core/CM3/CoreSupport/core_cm3.o
                0x00000ab8                __RBIT
 .text.__LDREXB
                0x00000adc       0x24 E:/NXP/nxpmcu/LPC1700CMSIS/Core/CM3/CoreSupport/core_cm3.o
                0x00000adc                __LDREXB
 .text.__LDREXH
                0x00000b00       0x24 E:/NXP/nxpmcu/LPC1700CMSIS/Core/CM3/CoreSupport/core_cm3.o
                0x00000b00                __LDREXH
 .text.__LDREXW
                0x00000b24       0x24 E:/NXP/nxpmcu/LPC1700CMSIS/Core/CM3/CoreSupport/core_cm3.o
                0x00000b24                __LDREXW
 .text.__STREXB
                0x00000b48       0x2c E:/NXP/nxpmcu/LPC1700CMSIS/Core/CM3/CoreSupport/core_cm3.o
                0x00000b48                __STREXB
 .text.__STREXH
                0x00000b74       0x2c E:/NXP/nxpmcu/LPC1700CMSIS/Core/CM3/CoreSupport/core_cm3.o
                0x00000b74                __STREXH
 .text.__STREXW
                0x00000ba0       0x28 E:/NXP/nxpmcu/LPC1700CMSIS/Core/CM3/CoreSupport/core_cm3.o
                0x00000ba0                __STREXW
 .text          0x00000bc8        0x0 E:/NXP/nxpmcu/LPC1700CMSIS/Core/CM3/DeviceSupport/NXP/LPC17xx/system_LPC17xx.o
 .text.SystemCoreClockUpdate
                0x00000bc8      0x220 E:/NXP/nxpmcu/LPC1700CMSIS/Core/CM3/DeviceSupport/NXP/LPC17xx/system_LPC17xx.o
                0x00000bc8                SystemCoreClockUpdate
 .text.SystemInit
                0x00000de8      0x238 E:/NXP/nxpmcu/LPC1700CMSIS/Core/CM3/DeviceSupport/NXP/LPC17xx/system_LPC17xx.o
                0x00000de8                SystemInit
 .text          0x00001020       0x14 E:/NXP/nxpmcu/LPC1700CMSIS/Core/CM3/DeviceSupport/NXP/LPC17xx/startup/gcc/startup_LPC17xx.o
                0x00001032                TIMER2_IRQHandler
                0x0000102c                DebugMon_Handler
                0x00001032                RIT_IRQHandler
                0x00001022                HardFault_Handler
                0x00001030                SysTick_Handler
                0x00001032                USBActivity_IRQHandler
                0x00001032                PWM1_IRQHandler
                0x0000102e                PendSV_Handler
                0x00001020                NMI_Handler
                0x00001032                I2C1_IRQHandler
                0x00001032                EINT2_IRQHandler
                0x00001032                UART1_IRQHandler
                0x00001032                EINT3_IRQHandler
                0x00001032                CANActivity_IRQHandler
                0x00001032                TIMER3_IRQHandler
                0x00001032                UART0_IRQHandler
                0x00001028                UsageFault_Handler
                0x00001032                PLL0_IRQHandler
                0x00001032                CAN_IRQHandler
                0x00001032                PLL1_IRQHandler
                0x00001032                SSP0_IRQHandler
                0x00001032                I2S_IRQHandler
                0x00001032                RTC_IRQHandler
                0x00001032                TIMER0_IRQHandler
                0x00001032                SPI_IRQHandler
                0x00001032                EINT1_IRQHandler
                0x00001032                TIMER1_IRQHandler
                0x00001032                UART2_IRQHandler
                0x00001032                Default_Handler
                0x00001032                ADC_IRQHandler
                0x00001032                SSP1_IRQHandler
                0x00001032                USB_IRQHandler
                0x00001032                BOD_IRQHandler
                0x00001024                MemManage_Handler
                0x00001032                WDT_IRQHandler
                0x0000102a                SVC_Handler
                0x00001032                QEI_IRQHandler
                0x00001032                EINT0_IRQHandler
                0x00001032                DMA_IRQHandler
                0x00001026                BusFault_Handler
                0x00001032                UART3_IRQHandler
                0x00001032                MCPWM_IRQHandler
                0x00001032                ENET_IRQHandler
 .text          0x00001034        0x0 E:/NXP/nxpmcu/LPC1700CMSIS/Drivers/source/debug_frmwrk.o
 .text.UARTPutChar
                0x00001034       0x28 E:/NXP/nxpmcu/LPC1700CMSIS/Drivers/source/debug_frmwrk.o
                0x00001034                UARTPutChar
 .text.UARTGetChar
                0x0000105c       0x30 E:/NXP/nxpmcu/LPC1700CMSIS/Drivers/source/debug_frmwrk.o
                0x0000105c                UARTGetChar
 .text.UARTPuts
                0x0000108c       0x34 E:/NXP/nxpmcu/LPC1700CMSIS/Drivers/source/debug_frmwrk.o
                0x0000108c                UARTPuts
 .text.UARTPuts_
                0x000010c0       0x28 E:/NXP/nxpmcu/LPC1700CMSIS/Drivers/source/debug_frmwrk.o
                0x000010c0                UARTPuts_
 .text.UARTPutDec
                0x000010e8       0xd4 E:/NXP/nxpmcu/LPC1700CMSIS/Drivers/source/debug_frmwrk.o
                0x000010e8                UARTPutDec
 .text.UARTPutDec16
                0x000011bc      0x16c E:/NXP/nxpmcu/LPC1700CMSIS/Drivers/source/debug_frmwrk.o
                0x000011bc                UARTPutDec16
 .text.UARTPutDec32
                0x00001328      0x33c E:/NXP/nxpmcu/LPC1700CMSIS/Drivers/source/debug_frmwrk.o
                0x00001328                UARTPutDec32
 .text.UARTPutHex
                0x00001664       0x78 E:/NXP/nxpmcu/LPC1700CMSIS/Drivers/source/debug_frmwrk.o
                0x00001664                UARTPutHex
 .text.UARTPutHex16
                0x000016dc       0x78 E:/NXP/nxpmcu/LPC1700CMSIS/Drivers/source/debug_frmwrk.o
                0x000016dc                UARTPutHex16
 .text.UARTPutHex32
                0x00001754       0x78 E:/NXP/nxpmcu/LPC1700CMSIS/Drivers/source/debug_frmwrk.o
                0x00001754                UARTPutHex32
 .text.debug_frmwrk_init
                0x000017cc      0x12c E:/NXP/nxpmcu/LPC1700CMSIS/Drivers/source/debug_frmwrk.o
                0x000017cc                debug_frmwrk_init
 .text          0x000018f8        0x0 E:/NXP/nxpmcu/LPC1700CMSIS/Drivers/source/lpc17xx_adc.o
 .text.ADC_Init
                0x000018f8       0xa4 E:/NXP/nxpmcu/LPC1700CMSIS/Drivers/source/lpc17xx_adc.o
                0x000018f8                ADC_Init
 .text.ADC_DeInit
                0x0000199c       0x48 E:/NXP/nxpmcu/LPC1700CMSIS/Drivers/source/lpc17xx_adc.o
                0x0000199c                ADC_DeInit
 .text.ADC_GetData
                0x000019e4       0x38 E:/NXP/nxpmcu/LPC1700CMSIS/Drivers/source/lpc17xx_adc.o
                0x000019e4                ADC_GetData
 .text.ADC_StartCmd
                0x00001a1c       0x90 E:/NXP/nxpmcu/LPC1700CMSIS/Drivers/source/lpc17xx_adc.o
                0x00001a1c                ADC_StartCmd
 .text.ADC_BurstCmd
                0x00001aac       0x50 E:/NXP/nxpmcu/LPC1700CMSIS/Drivers/source/lpc17xx_adc.o
                0x00001aac                ADC_BurstCmd
 .text.ADC_PowerdownCmd
                0x00001afc       0x50 E:/NXP/nxpmcu/LPC1700CMSIS/Drivers/source/lpc17xx_adc.o
                0x00001afc                ADC_PowerdownCmd
 .text.ADC_EdgeStartConfig
                0x00001b4c       0x6c E:/NXP/nxpmcu/LPC1700CMSIS/Drivers/source/lpc17xx_adc.o
                0x00001b4c                ADC_EdgeStartConfig
 .text.ADC_IntConfig
                0x00001bb8       0xb4 E:/NXP/nxpmcu/LPC1700CMSIS/Drivers/source/lpc17xx_adc.o
                0x00001bb8                ADC_IntConfig
 .text.ADC_ChannelCmd
                0x00001c6c       0x70 E:/NXP/nxpmcu/LPC1700CMSIS/Drivers/source/lpc17xx_adc.o
                0x00001c6c                ADC_ChannelCmd
 .text.ADC_ChannelGetData
                0x00001cdc       0x60 E:/NXP/nxpmcu/LPC1700CMSIS/Drivers/source/lpc17xx_adc.o
                0x00001cdc                ADC_ChannelGetData
 .text.ADC_ChannelGetStatus
                0x00001d3c       0x94 E:/NXP/nxpmcu/LPC1700CMSIS/Drivers/source/lpc17xx_adc.o
                0x00001d3c                ADC_ChannelGetStatus
 .text.ADC_GlobalGetData
                0x00001dd0       0x34 E:/NXP/nxpmcu/LPC1700CMSIS/Drivers/source/lpc17xx_adc.o
                0x00001dd0                ADC_GlobalGetData
 .text.ADC_GlobalGetStatus
                0x00001e04       0x84 E:/NXP/nxpmcu/LPC1700CMSIS/Drivers/source/lpc17xx_adc.o
                0x00001e04                ADC_GlobalGetStatus
 .text          0x00001e88        0x0 E:/NXP/nxpmcu/LPC1700CMSIS/Drivers/source/lpc17xx_can.o
 .text          0x00001e88        0x0 E:/NXP/nxpmcu/LPC1700CMSIS/Drivers/source/lpc17xx_clkpwr.o
 .text.CLKPWR_SetPCLKDiv
                0x00001e88       0xd0 E:/NXP/nxpmcu/LPC1700CMSIS/Drivers/source/lpc17xx_clkpwr.o
                0x00001e88                CLKPWR_SetPCLKDiv
 .text.CLKPWR_GetPCLKSEL
                0x00001f58       0x54 E:/NXP/nxpmcu/LPC1700CMSIS/Drivers/source/lpc17xx_clkpwr.o
                0x00001f58                CLKPWR_GetPCLKSEL
 .text.CLKPWR_GetPCLK
                0x00001fac       0x70 E:/NXP/nxpmcu/LPC1700CMSIS/Drivers/source/lpc17xx_clkpwr.o
                0x00001fac                CLKPWR_GetPCLK
 .text.CLKPWR_ConfigPPWR
                0x0000201c       0x7c E:/NXP/nxpmcu/LPC1700CMSIS/Drivers/source/lpc17xx_clkpwr.o
                0x0000201c                CLKPWR_ConfigPPWR
 .text.CLKPWR_Sleep
                0x00002098       0x1c E:/NXP/nxpmcu/LPC1700CMSIS/Drivers/source/lpc17xx_clkpwr.o
                0x00002098                CLKPWR_Sleep
 .text.__WFI    0x000020b4        0xc E:/NXP/nxpmcu/LPC1700CMSIS/Drivers/source/lpc17xx_clkpwr.o
 .text.CLKPWR_DeepSleep
                0x000020c0       0x2c E:/NXP/nxpmcu/LPC1700CMSIS/Drivers/source/lpc17xx_clkpwr.o
                0x000020c0                CLKPWR_DeepSleep
 .text.CLKPWR_PowerDown
                0x000020ec       0x2c E:/NXP/nxpmcu/LPC1700CMSIS/Drivers/source/lpc17xx_clkpwr.o
                0x000020ec                CLKPWR_PowerDown
 .text.CLKPWR_DeepPowerDown
                0x00002118       0x2c E:/NXP/nxpmcu/LPC1700CMSIS/Drivers/source/lpc17xx_clkpwr.o
                0x00002118                CLKPWR_DeepPowerDown
 .text          0x00002144        0x0 E:/NXP/nxpmcu/LPC1700CMSIS/Drivers/source/lpc17xx_dac.o
 .text          0x00002144        0x0 E:/NXP/nxpmcu/LPC1700CMSIS/Drivers/source/lpc17xx_emac.o
 .text          0x00002144        0x0 E:/NXP/nxpmcu/LPC1700CMSIS/Drivers/source/lpc17xx_exti.o
 .text          0x00002144        0x0 E:/NXP/nxpmcu/LPC1700CMSIS/Drivers/source/lpc17xx_gpdma.o
 .text.GPDMA_Init
                0x00002144       0xa0 E:/NXP/nxpmcu/LPC1700CMSIS/Drivers/source/lpc17xx_gpdma.o
                0x00002144                GPDMA_Init
 .text.GPDMA_Setup
                0x000021e4      0x448 E:/NXP/nxpmcu/LPC1700CMSIS/Drivers/source/lpc17xx_gpdma.o
                0x000021e4                GPDMA_Setup
 .text.GPDMA_ChannelCmd
                0x0000262c       0x4c E:/NXP/nxpmcu/LPC1700CMSIS/Drivers/source/lpc17xx_gpdma.o
                0x0000262c                GPDMA_ChannelCmd
 .text.GPDMA_IntGetStatus
                0x00002678      0x1a8 E:/NXP/nxpmcu/LPC1700CMSIS/Drivers/source/lpc17xx_gpdma.o
                0x00002678                GPDMA_IntGetStatus
 .text.GPDMA_ClearIntPending
                0x00002820       0x84 E:/NXP/nxpmcu/LPC1700CMSIS/Drivers/source/lpc17xx_gpdma.o
                0x00002820                GPDMA_ClearIntPending
 .text          0x000028a4        0x0 E:/NXP/nxpmcu/LPC1700CMSIS/Drivers/source/lpc17xx_gpio.o
 .text          0x000028a4        0x0 E:/NXP/nxpmcu/LPC1700CMSIS/Drivers/source/lpc17xx_i2c.o
 .text.I2C_getNum
                0x000028a4       0x60 E:/NXP/nxpmcu/LPC1700CMSIS/Drivers/source/lpc17xx_i2c.o
 .text.I2C_Start
                0x00002904       0x40 E:/NXP/nxpmcu/LPC1700CMSIS/Drivers/source/lpc17xx_i2c.o
 .text.I2C_Stop
                0x00002944       0x38 E:/NXP/nxpmcu/LPC1700CMSIS/Drivers/source/lpc17xx_i2c.o
 .text.I2C_SendByte
                0x0000297c       0x50 E:/NXP/nxpmcu/LPC1700CMSIS/Drivers/source/lpc17xx_i2c.o
 .text.I2C_GetByte
                0x000029cc       0x58 E:/NXP/nxpmcu/LPC1700CMSIS/Drivers/source/lpc17xx_i2c.o
 .text.I2C_SetClock
                0x00002a24       0xc8 E:/NXP/nxpmcu/LPC1700CMSIS/Drivers/source/lpc17xx_i2c.o
 .text.I2C_Init
                0x00002aec       0xd4 E:/NXP/nxpmcu/LPC1700CMSIS/Drivers/source/lpc17xx_i2c.o
                0x00002aec                I2C_Init
 .text.I2C_DeInit
                0x00002bc0       0xa4 E:/NXP/nxpmcu/LPC1700CMSIS/Drivers/source/lpc17xx_i2c.o
                0x00002bc0                I2C_DeInit
 .text.I2C_Cmd  0x00002c64       0x84 E:/NXP/nxpmcu/LPC1700CMSIS/Drivers/source/lpc17xx_i2c.o
                0x00002c64                I2C_Cmd
 .text.I2C_IntCmd
                0x00002ce8       0xa8 E:/NXP/nxpmcu/LPC1700CMSIS/Drivers/source/lpc17xx_i2c.o
                0x00002ce8                I2C_IntCmd
 .text.NVIC_EnableIRQ
                0x00002d90       0x38 E:/NXP/nxpmcu/LPC1700CMSIS/Drivers/source/lpc17xx_i2c.o
 .text.NVIC_DisableIRQ
                0x00002dc8       0x3c E:/NXP/nxpmcu/LPC1700CMSIS/Drivers/source/lpc17xx_i2c.o
 .text.I2C_MasterHandler
                0x00002e04      0x3e4 E:/NXP/nxpmcu/LPC1700CMSIS/Drivers/source/lpc17xx_i2c.o
                0x00002e04                I2C_MasterHandler
 .text.I2C_SlaveHandler
                0x000031e8      0x1f0 E:/NXP/nxpmcu/LPC1700CMSIS/Drivers/source/lpc17xx_i2c.o
                0x000031e8                I2C_SlaveHandler
 .text.I2C_MasterTransferData
                0x000033d8      0x334 E:/NXP/nxpmcu/LPC1700CMSIS/Drivers/source/lpc17xx_i2c.o
                0x000033d8                I2C_MasterTransferData
 .text.I2C_SlaveTransferData
                0x0000370c      0x284 E:/NXP/nxpmcu/LPC1700CMSIS/Drivers/source/lpc17xx_i2c.o
                0x0000370c                I2C_SlaveTransferData
 .text.I2C_SetOwnSlaveAddr
                0x00003990      0x114 E:/NXP/nxpmcu/LPC1700CMSIS/Drivers/source/lpc17xx_i2c.o
                0x00003990                I2C_SetOwnSlaveAddr
 .text.I2C_MonitorModeConfig
                0x00003aa4       0x98 E:/NXP/nxpmcu/LPC1700CMSIS/Drivers/source/lpc17xx_i2c.o
                0x00003aa4                I2C_MonitorModeConfig
 .text.I2C_MonitorModeCmd
                0x00003b3c       0xb0 E:/NXP/nxpmcu/LPC1700CMSIS/Drivers/source/lpc17xx_i2c.o
                0x00003b3c                I2C_MonitorModeCmd
 .text.I2C_MonitorGetDatabuffer
                0x00003bec       0x54 E:/NXP/nxpmcu/LPC1700CMSIS/Drivers/source/lpc17xx_i2c.o
                0x00003bec                I2C_MonitorGetDatabuffer
 .text.I2C_MonitorHandler
                0x00003c40       0x6c E:/NXP/nxpmcu/LPC1700CMSIS/Drivers/source/lpc17xx_i2c.o
                0x00003c40                I2C_MonitorHandler
 .text.I2C_MasterTransferComplete
                0x00003cac       0x40 E:/NXP/nxpmcu/LPC1700CMSIS/Drivers/source/lpc17xx_i2c.o
                0x00003cac                I2C_MasterTransferComplete
 .text.I2C_SlaveTransferComplete
                0x00003cec       0x40 E:/NXP/nxpmcu/LPC1700CMSIS/Drivers/source/lpc17xx_i2c.o
                0x00003cec                I2C_SlaveTransferComplete
 .text          0x00003d2c        0x0 E:/NXP/nxpmcu/LPC1700CMSIS/Drivers/source/lpc17xx_i2s.o
 .text          0x00003d2c        0x0 E:/NXP/nxpmcu/LPC1700CMSIS/Drivers/source/lpc17xx_libcfg_default.o
 .text          0x00003d2c        0x0 E:/NXP/nxpmcu/LPC1700CMSIS/Drivers/source/lpc17xx_mcpwm.o
 .text          0x00003d2c        0x0 E:/NXP/nxpmcu/LPC1700CMSIS/Drivers/source/lpc17xx_nvic.o
 .text.NVIC_DeInit
                0x00003d2c       0x7c E:/NXP/nxpmcu/LPC1700CMSIS/Drivers/source/lpc17xx_nvic.o
                0x00003d2c                NVIC_DeInit
 .text.NVIC_SCBDeInit
                0x00003da8       0xbc E:/NXP/nxpmcu/LPC1700CMSIS/Drivers/source/lpc17xx_nvic.o
                0x00003da8                NVIC_SCBDeInit
 .text.NVIC_SetVTOR
                0x00003e64       0x20 E:/NXP/nxpmcu/LPC1700CMSIS/Drivers/source/lpc17xx_nvic.o
                0x00003e64                NVIC_SetVTOR
 .text          0x00003e84        0x0 E:/NXP/nxpmcu/LPC1700CMSIS/Drivers/source/lpc17xx_pinsel.o
 .text.set_PinFunc
                0x00003e84       0xa4 E:/NXP/nxpmcu/LPC1700CMSIS/Drivers/source/lpc17xx_pinsel.o
 .text.set_ResistorMode
                0x00003f28       0xa4 E:/NXP/nxpmcu/LPC1700CMSIS/Drivers/source/lpc17xx_pinsel.o
 .text.set_OpenDrainMode
                0x00003fcc       0x84 E:/NXP/nxpmcu/LPC1700CMSIS/Drivers/source/lpc17xx_pinsel.o
 .text.PINSEL_ConfigTraceFunc
                0x00004050       0x54 E:/NXP/nxpmcu/LPC1700CMSIS/Drivers/source/lpc17xx_pinsel.o
                0x00004050                PINSEL_ConfigTraceFunc
 .text.PINSEL_SetI2C0Pins
                0x000040a4       0x40 E:/NXP/nxpmcu/LPC1700CMSIS/Drivers/source/lpc17xx_pinsel.o
                0x000040a4                PINSEL_SetI2C0Pins
 .text.PINSEL_ConfigPin
                0x000040e4       0x4c E:/NXP/nxpmcu/LPC1700CMSIS/Drivers/source/lpc17xx_pinsel.o
                0x000040e4                PINSEL_ConfigPin
 .text          0x00004130        0x0 E:/NXP/nxpmcu/LPC1700CMSIS/Drivers/source/lpc17xx_pwm.o
 .text          0x00004130        0x0 E:/NXP/nxpmcu/LPC1700CMSIS/Drivers/source/lpc17xx_qei.o
 .text          0x00004130        0x0 E:/NXP/nxpmcu/LPC1700CMSIS/Drivers/source/lpc17xx_rit.o
 .text          0x00004130        0x0 E:/NXP/nxpmcu/LPC1700CMSIS/Drivers/source/lpc17xx_rtc.o
 .text          0x00004130        0x0 E:/NXP/nxpmcu/LPC1700CMSIS/Drivers/source/lpc17xx_spi.o
 .text          0x00004130        0x0 E:/NXP/nxpmcu/LPC1700CMSIS/Drivers/source/lpc17xx_ssp.o
 .text          0x00004130        0x0 E:/NXP/nxpmcu/LPC1700CMSIS/Drivers/source/lpc17xx_systick.o
 .text          0x00004130        0x0 E:/NXP/nxpmcu/LPC1700CMSIS/Drivers/source/lpc17xx_timer.o
 .text          0x00004130        0x0 E:/NXP/nxpmcu/LPC1700CMSIS/Drivers/source/lpc17xx_uart.o
 .text.uart_set_divisors
                0x00004130      0x26c E:/NXP/nxpmcu/LPC1700CMSIS/Drivers/source/lpc17xx_uart.o
 .text.UART_Init
                0x0000439c      0x314 E:/NXP/nxpmcu/LPC1700CMSIS/Drivers/source/lpc17xx_uart.o
                0x0000439c                UART_Init
 .text.UART_DeInit
                0x000046b0       0x7c E:/NXP/nxpmcu/LPC1700CMSIS/Drivers/source/lpc17xx_uart.o
                0x000046b0                UART_DeInit
 .text.UART_ConfigStructInit
                0x0000472c       0x34 E:/NXP/nxpmcu/LPC1700CMSIS/Drivers/source/lpc17xx_uart.o
                0x0000472c                UART_ConfigStructInit
 .text.UART_SendByte
                0x00004760       0x78 E:/NXP/nxpmcu/LPC1700CMSIS/Drivers/source/lpc17xx_uart.o
                0x00004760                UART_SendByte
 .text.UART_ReceiveByte
                0x000047d8       0x7c E:/NXP/nxpmcu/LPC1700CMSIS/Drivers/source/lpc17xx_uart.o
                0x000047d8                UART_ReceiveByte
 .text.UART_Send
                0x00004854      0x100 E:/NXP/nxpmcu/LPC1700CMSIS/Drivers/source/lpc17xx_uart.o
                0x00004854                UART_Send
 .text.UART_Receive
                0x00004954       0xc8 E:/NXP/nxpmcu/LPC1700CMSIS/Drivers/source/lpc17xx_uart.o
                0x00004954                UART_Receive
 .text.UART_ForceBreak
                0x00004a1c       0x88 E:/NXP/nxpmcu/LPC1700CMSIS/Drivers/source/lpc17xx_uart.o
                0x00004a1c                UART_ForceBreak
 .text.UART_IntConfig
                0x00004aa4      0x1d4 E:/NXP/nxpmcu/LPC1700CMSIS/Drivers/source/lpc17xx_uart.o
                0x00004aa4                UART_IntConfig
 .text.UART_GetLineStatus
                0x00004c78       0x84 E:/NXP/nxpmcu/LPC1700CMSIS/Drivers/source/lpc17xx_uart.o
                0x00004c78                UART_GetLineStatus
 .text.UART_GetIntId
                0x00004cfc       0x6c E:/NXP/nxpmcu/LPC1700CMSIS/Drivers/source/lpc17xx_uart.o
                0x00004cfc                UART_GetIntId
 .text.UART_CheckBusy
                0x00004d68       0x34 E:/NXP/nxpmcu/LPC1700CMSIS/Drivers/source/lpc17xx_uart.o
                0x00004d68                UART_CheckBusy
 .text.UART_FIFOConfig
                0x00004d9c      0x18c E:/NXP/nxpmcu/LPC1700CMSIS/Drivers/source/lpc17xx_uart.o
                0x00004d9c                UART_FIFOConfig
 .text.UART_FIFOConfigStructInit
                0x00004f28       0x34 E:/NXP/nxpmcu/LPC1700CMSIS/Drivers/source/lpc17xx_uart.o
                0x00004f28                UART_FIFOConfigStructInit
 .text.UART_ABCmd
                0x00004f5c      0x160 E:/NXP/nxpmcu/LPC1700CMSIS/Drivers/source/lpc17xx_uart.o
                0x00004f5c                UART_ABCmd
 .text.UART_ABClearIntPending
                0x000050bc       0x88 E:/NXP/nxpmcu/LPC1700CMSIS/Drivers/source/lpc17xx_uart.o
                0x000050bc                UART_ABClearIntPending
 .text.UART_TxCmd
                0x00005144       0xf0 E:/NXP/nxpmcu/LPC1700CMSIS/Drivers/source/lpc17xx_uart.o
                0x00005144                UART_TxCmd
 .text          0x00005234        0x0 E:/NXP/nxpmcu/LPC1700CMSIS/Drivers/source/lpc17xx_wdt.o
 .text          0x00005234       0x90 C:/Program Files/CodeSourcery/Sourcery G++ Lite/arm-none-eabi/lib/thumb2\libcs3.a(start_c.o)
                0x00005234                __cs3_start_c
 .text          0x000052c4       0x10 C:/Program Files/CodeSourcery/Sourcery G++ Lite/arm-none-eabi/lib/thumb2\libcs3unhosted.a(unhosted-start.o)
                0x000052c4                _start
 .text          0x000052d4       0x50 C:/Program Files/CodeSourcery/Sourcery G++ Lite/arm-none-eabi/lib/thumb2\libc.a(lib_a-init.o)
                0x000052d4                __libc_init_array
 .text          0x00005324        0x0 c:/program files/codesourcery/sourcery g++ lite/bin/../lib/gcc/arm-none-eabi/4.3.3/thumb2/crtend.o
 .text          0x00005324        0x0 c:/program files/codesourcery/sourcery g++ lite/bin/../lib/gcc/arm-none-eabi/4.3.3/thumb2/crtn.o
 *(.plt)
 *(.gnu.warning)
 *(.glue_7t)
 .glue_7t       0x00000000        0x0 linker stubs
 *(.glue_7)
 .glue_7        0x00000000        0x0 linker stubs
 *(.vfp11_veneer)
 .vfp11_veneer  0x00000000        0x0 linker stubs
 *(.rodata .rodata.* .gnu.linkonce.r.*)
 .rodata        0x00005324       0xc8 i2c_master_slave_int_test.o
 .rodata        0x000053ec        0x8 E:/NXP/nxpmcu/LPC1700CMSIS/Drivers/source/debug_frmwrk.o
 .rodata        0x000053f4       0x38 E:/NXP/nxpmcu/LPC1700CMSIS/Drivers/source/lpc17xx_adc.o
 .rodata.GPDMA_LUTPerAddr
                0x0000542c       0x60 E:/NXP/nxpmcu/LPC1700CMSIS/Drivers/source/lpc17xx_gpdma.o
                0x0000542c                GPDMA_LUTPerAddr
 .rodata.GPDMA_LUTPerBurst
                0x0000548c       0x18 E:/NXP/nxpmcu/LPC1700CMSIS/Drivers/source/lpc17xx_gpdma.o
                0x0000548c                GPDMA_LUTPerBurst
 .rodata.GPDMA_LUTPerWid
                0x000054a4       0x18 E:/NXP/nxpmcu/LPC1700CMSIS/Drivers/source/lpc17xx_gpdma.o
                0x000054a4                GPDMA_LUTPerWid
 .rodata        0x000054bc       0x3c E:/NXP/nxpmcu/LPC1700CMSIS/Drivers/source/lpc17xx_gpdma.o
 .rodata        0x000054f8       0x38 E:/NXP/nxpmcu/LPC1700CMSIS/Drivers/source/lpc17xx_i2c.o
 .rodata        0x00005530       0x3c E:/NXP/nxpmcu/LPC1700CMSIS/Drivers/source/lpc17xx_uart.o
 *(.ARM.extab* .gnu.linkonce.armextab.*)
 .ARM.extab.cs3.reset
                0x0000556c        0x0 E:/NXP/nxpmcu/LPC1700CMSIS/Core/CM3/DeviceSupport/NXP/LPC17xx/startup/gcc/startup_LPC17xx.o
 .ARM.extab     0x0000556c        0x0 C:/Program Files/CodeSourcery/Sourcery G++ Lite/arm-none-eabi/lib/thumb2\libcs3unhosted.a(unhosted-start.o)
 *(.gcc_except_table)
 *(.eh_frame_hdr)
 *(.eh_frame)
 .eh_frame      0x0000556c        0x0 c:/program files/codesourcery/sourcery g++ lite/bin/../lib/gcc/arm-none-eabi/4.3.3/thumb2/crtbegin.o
 .eh_frame      0x0000556c        0x4 c:/program files/codesourcery/sourcery g++ lite/bin/../lib/gcc/arm-none-eabi/4.3.3/thumb2/crtend.o
                0x00005570                . = ALIGN (0x4)
 *(.init)
 .init          0x00005570        0x4 c:/program files/codesourcery/sourcery g++ lite/bin/../lib/gcc/arm-none-eabi/4.3.3/thumb2/crti.o
                0x00005570                _init
 .init          0x00005574        0x8 c:/program files/codesourcery/sourcery g++ lite/bin/../lib/gcc/arm-none-eabi/4.3.3/thumb2/crtn.o
                0x0000557c                . = ALIGN (0x4)
                0x0000557c                __preinit_array_start = .
 *(.preinit_array)
                0x0000557c                __preinit_array_end = .
                0x0000557c                . = ALIGN (0x4)
                0x0000557c                __init_array_start = .
 *(SORT(.init_array.*))
 *(.init_array)
 .init_array    0x0000557c        0x4 c:/program files/codesourcery/sourcery g++ lite/bin/../lib/gcc/arm-none-eabi/4.3.3/thumb2/crtbegin.o
                0x00005580                __init_array_end = .
                0x00005580                . = ALIGN (0x4)
 *crtbegin.o(.ctors)
 *(EXCLUDE_FILE(*crtend.o) .ctors)
 *(SORT(.ctors.*))
 *crtend.o(.ctors)
                0x00005580                . = ALIGN (0x4)
 *(.fini)
 .fini          0x00005580        0x4 c:/program files/codesourcery/sourcery g++ lite/bin/../lib/gcc/arm-none-eabi/4.3.3/thumb2/crti.o
                0x00005580                _fini
 .fini          0x00005584        0x8 c:/program files/codesourcery/sourcery g++ lite/bin/../lib/gcc/arm-none-eabi/4.3.3/thumb2/crtn.o
                0x0000558c                . = ALIGN (0x4)
                0x0000558c                __fini_array_start = .
 *(.fini_array)
 .fini_array    0x0000558c        0x4 c:/program files/codesourcery/sourcery g++ lite/bin/../lib/gcc/arm-none-eabi/4.3.3/thumb2/crtbegin.o
 *(SORT(.fini_array.*))
                0x00005590                __fini_array_end = .
 *crtbegin.o(.dtors)
 *(EXCLUDE_FILE(*crtend.o) .dtors)
 *(SORT(.dtors.*))
 *crtend.o(.dtors)
                0x00005590                . = ALIGN (0x4)
                0x00005590                __cs3_regions = .
                0x00005590        0x4 LONG 0x0
                0x00005594        0x4 LONG 0x55b0 __cs3_region_init_ram
                0x00005598        0x4 LONG 0x10000000 __cs3_region_start_ram
                0x0000559c        0x4 LONG 0x218 __cs3_region_init_size_ram
                0x000055a0        0x4 LONG 0xa0 __cs3_region_zero_size_ram
                0x000055a4                __exidx_start = .

.v4_bx          0x000055a4        0x0
 .v4_bx         0x00000000        0x0 linker stubs

.ARM.exidx      0x000055a4        0x8
 *(.ARM.exidx* .gnu.linkonce.armexidx.*)
 .ARM.exidx.cs3.reset
                0x000055a4        0x8 E:/NXP/nxpmcu/LPC1700CMSIS/Core/CM3/DeviceSupport/NXP/LPC17xx/startup/gcc/startup_LPC17xx.o
 .ARM.exidx     0x000055ac        0x0 C:/Program Files/CodeSourcery/Sourcery G++ Lite/arm-none-eabi/lib/thumb2\libcs3unhosted.a(unhosted-start.o)
                                  0x8 (size before relaxing)
                0x000055ac                __exidx_end = .

.text.align     0x000055ac        0x4
                0x000055b0                . = ALIGN (0x8)
 *fill*         0x000055ac        0x4 00
                0x000055b0                _etext = .
                0x00080000                __cs3_region_size_rom = 0x80000
                0x00000001                __cs3_region_num = 0x1

.data           0x10000000      0x218 load address 0x000055b0
                0x10000000                __cs3_region_start_ram = .
 *(.cs3.region-head.ram)
 *(.jcr)
 .jcr           0x10000000        0x0 c:/program files/codesourcery/sourcery g++ lite/bin/../lib/gcc/arm-none-eabi/4.3.3/thumb2/crtbegin.o
 .jcr           0x10000000        0x4 c:/program files/codesourcery/sourcery g++ lite/bin/../lib/gcc/arm-none-eabi/4.3.3/thumb2/crtend.o
 *(.got.plt)
 *(.got)
 *(.shdata)
 *(.data .data.* .gnu.linkonce.d.*)
 .data          0x10000004        0x0 c:/program files/codesourcery/sourcery g++ lite/bin/../lib/gcc/arm-none-eabi/4.3.3/thumb2/crti.o
 .data          0x10000004        0x4 c:/program files/codesourcery/sourcery g++ lite/bin/../lib/gcc/arm-none-eabi/4.3.3/thumb2/crtbegin.o
                0x10000004                __dso_handle
 .data          0x10000008        0x0 i2c_master_slave_int_test.o
 .data.menu1    0x10000008      0x1ec i2c_master_slave_int_test.o
                0x10000008                menu1
 .data          0x100001f4        0x0 E:/NXP/nxpmcu/LPC1700CMSIS/Core/CM3/CoreSupport/core_cm3.o
 .data          0x100001f4        0x0 E:/NXP/nxpmcu/LPC1700CMSIS/Core/CM3/DeviceSupport/NXP/LPC17xx/system_LPC17xx.o
 .data.SystemCoreClock
                0x100001f4        0x4 E:/NXP/nxpmcu/LPC1700CMSIS/Core/CM3/DeviceSupport/NXP/LPC17xx/system_LPC17xx.o
                0x100001f4                SystemCoreClock
 .data          0x100001f8        0x0 E:/NXP/nxpmcu/LPC1700CMSIS/Core/CM3/DeviceSupport/NXP/LPC17xx/startup/gcc/startup_LPC17xx.o
 .data          0x100001f8        0x0 E:/NXP/nxpmcu/LPC1700CMSIS/Drivers/source/debug_frmwrk.o
 .data          0x100001f8        0x0 E:/NXP/nxpmcu/LPC1700CMSIS/Drivers/source/lpc17xx_adc.o
 .data          0x100001f8        0x0 E:/NXP/nxpmcu/LPC1700CMSIS/Drivers/source/lpc17xx_can.o
 .data          0x100001f8        0x0 E:/NXP/nxpmcu/LPC1700CMSIS/Drivers/source/lpc17xx_clkpwr.o
 .data          0x100001f8        0x0 E:/NXP/nxpmcu/LPC1700CMSIS/Drivers/source/lpc17xx_dac.o
 .data          0x100001f8        0x0 E:/NXP/nxpmcu/LPC1700CMSIS/Drivers/source/lpc17xx_emac.o
 .data          0x100001f8        0x0 E:/NXP/nxpmcu/LPC1700CMSIS/Drivers/source/lpc17xx_exti.o
 .data          0x100001f8        0x0 E:/NXP/nxpmcu/LPC1700CMSIS/Drivers/source/lpc17xx_gpdma.o
 .data.pGPDMACh
                0x100001f8       0x20 E:/NXP/nxpmcu/LPC1700CMSIS/Drivers/source/lpc17xx_gpdma.o
                0x100001f8                pGPDMACh
 .data          0x10000218        0x0 E:/NXP/nxpmcu/LPC1700CMSIS/Drivers/source/lpc17xx_gpio.o
 .data          0x10000218        0x0 E:/NXP/nxpmcu/LPC1700CMSIS/Drivers/source/lpc17xx_i2c.o
 .data          0x10000218        0x0 E:/NXP/nxpmcu/LPC1700CMSIS/Drivers/source/lpc17xx_i2s.o
 .data          0x10000218        0x0 E:/NXP/nxpmcu/LPC1700CMSIS/Drivers/source/lpc17xx_libcfg_default.o
 .data          0x10000218        0x0 E:/NXP/nxpmcu/LPC1700CMSIS/Drivers/source/lpc17xx_mcpwm.o
 .data          0x10000218        0x0 E:/NXP/nxpmcu/LPC1700CMSIS/Drivers/source/lpc17xx_nvic.o
 .data          0x10000218        0x0 E:/NXP/nxpmcu/LPC1700CMSIS/Drivers/source/lpc17xx_pinsel.o
 .data          0x10000218        0x0 E:/NXP/nxpmcu/LPC1700CMSIS/Drivers/source/lpc17xx_pwm.o
 .data          0x10000218        0x0 E:/NXP/nxpmcu/LPC1700CMSIS/Drivers/source/lpc17xx_qei.o
 .data          0x10000218        0x0 E:/NXP/nxpmcu/LPC1700CMSIS/Drivers/source/lpc17xx_rit.o
 .data          0x10000218        0x0 E:/NXP/nxpmcu/LPC1700CMSIS/Drivers/source/lpc17xx_rtc.o
 .data          0x10000218        0x0 E:/NXP/nxpmcu/LPC1700CMSIS/Drivers/source/lpc17xx_spi.o
 .data          0x10000218        0x0 E:/NXP/nxpmcu/LPC1700CMSIS/Drivers/source/lpc17xx_ssp.o
 .data          0x10000218        0x0 E:/NXP/nxpmcu/LPC1700CMSIS/Drivers/source/lpc17xx_systick.o
 .data          0x10000218        0x0 E:/NXP/nxpmcu/LPC1700CMSIS/Drivers/source/lpc17xx_timer.o
 .data          0x10000218        0x0 E:/NXP/nxpmcu/LPC1700CMSIS/Drivers/source/lpc17xx_uart.o
 .data          0x10000218        0x0 E:/NXP/nxpmcu/LPC1700CMSIS/Drivers/source/lpc17xx_wdt.o
 .data          0x10000218        0x0 C:/Program Files/CodeSourcery/Sourcery G++ Lite/arm-none-eabi/lib/thumb2\libcs3.a(start_c.o)
 .data          0x10000218        0x0 C:/Program Files/CodeSourcery/Sourcery G++ Lite/arm-none-eabi/lib/thumb2\libcs3unhosted.a(unhosted-start.o)
 .data          0x10000218        0x0 C:/Program Files/CodeSourcery/Sourcery G++ Lite/arm-none-eabi/lib/thumb2\libc.a(lib_a-init.o)
 .data          0x10000218        0x0 c:/program files/codesourcery/sourcery g++ lite/bin/../lib/gcc/arm-none-eabi/4.3.3/thumb2/crtend.o
 .data          0x10000218        0x0 c:/program files/codesourcery/sourcery g++ lite/bin/../lib/gcc/arm-none-eabi/4.3.3/thumb2/crtn.o
 *(.ram)
                0x10000218                . = ALIGN (0x8)
                0x10000218                _edata = .

.bss            0x10000218       0xa0 load address 0x000057c8
 *(.shbss)
 *(.bss .bss.* .gnu.linkonce.b.*)
 .bss           0x10000218        0x0 c:/program files/codesourcery/sourcery g++ lite/bin/../lib/gcc/arm-none-eabi/4.3.3/thumb2/crti.o
 .bss           0x10000218       0x1c c:/program files/codesourcery/sourcery g++ lite/bin/../lib/gcc/arm-none-eabi/4.3.3/thumb2/crtbegin.o
 .bss           0x10000234        0x0 i2c_master_slave_int_test.o
 .bss           0x10000234        0x0 E:/NXP/nxpmcu/LPC1700CMSIS/Core/CM3/CoreSupport/core_cm3.o
 .bss           0x10000234        0x0 E:/NXP/nxpmcu/LPC1700CMSIS/Core/CM3/DeviceSupport/NXP/LPC17xx/system_LPC17xx.o
 .bss           0x10000234        0x0 E:/NXP/nxpmcu/LPC1700CMSIS/Core/CM3/DeviceSupport/NXP/LPC17xx/startup/gcc/startup_LPC17xx.o
 .bss           0x10000234        0x0 E:/NXP/nxpmcu/LPC1700CMSIS/Drivers/source/debug_frmwrk.o
 .bss           0x10000234        0x0 E:/NXP/nxpmcu/LPC1700CMSIS/Drivers/source/lpc17xx_adc.o
 .bss           0x10000234        0x0 E:/NXP/nxpmcu/LPC1700CMSIS/Drivers/source/lpc17xx_can.o
 .bss           0x10000234        0x0 E:/NXP/nxpmcu/LPC1700CMSIS/Drivers/source/lpc17xx_clkpwr.o
 .bss           0x10000234        0x0 E:/NXP/nxpmcu/LPC1700CMSIS/Drivers/source/lpc17xx_dac.o
 .bss           0x10000234        0x0 E:/NXP/nxpmcu/LPC1700CMSIS/Drivers/source/lpc17xx_emac.o
 .bss           0x10000234        0x0 E:/NXP/nxpmcu/LPC1700CMSIS/Drivers/source/lpc17xx_exti.o
 .bss           0x10000234        0x0 E:/NXP/nxpmcu/LPC1700CMSIS/Drivers/source/lpc17xx_gpdma.o
 .bss           0x10000234        0x0 E:/NXP/nxpmcu/LPC1700CMSIS/Drivers/source/lpc17xx_gpio.o
 .bss           0x10000234        0x0 E:/NXP/nxpmcu/LPC1700CMSIS/Drivers/source/lpc17xx_i2c.o
 .bss.i2cdat    0x10000234       0x18 E:/NXP/nxpmcu/LPC1700CMSIS/Drivers/source/lpc17xx_i2c.o
 .bss.I2C_MasterComplete
                0x1000024c        0xc E:/NXP/nxpmcu/LPC1700CMSIS/Drivers/source/lpc17xx_i2c.o
 .bss.I2C_SlaveComplete
                0x10000258        0xc E:/NXP/nxpmcu/LPC1700CMSIS/Drivers/source/lpc17xx_i2c.o
 .bss.I2C_MonitorBufferIndex
                0x10000264        0x4 E:/NXP/nxpmcu/LPC1700CMSIS/Drivers/source/lpc17xx_i2c.o
 .bss           0x10000268        0x0 E:/NXP/nxpmcu/LPC1700CMSIS/Drivers/source/lpc17xx_i2s.o
 .bss           0x10000268        0x0 E:/NXP/nxpmcu/LPC1700CMSIS/Drivers/source/lpc17xx_libcfg_default.o
 .bss           0x10000268        0x0 E:/NXP/nxpmcu/LPC1700CMSIS/Drivers/source/lpc17xx_mcpwm.o
 .bss           0x10000268        0x0 E:/NXP/nxpmcu/LPC1700CMSIS/Drivers/source/lpc17xx_nvic.o
 .bss           0x10000268        0x0 E:/NXP/nxpmcu/LPC1700CMSIS/Drivers/source/lpc17xx_pinsel.o
 .bss           0x10000268        0x0 E:/NXP/nxpmcu/LPC1700CMSIS/Drivers/source/lpc17xx_pwm.o
 .bss           0x10000268        0x0 E:/NXP/nxpmcu/LPC1700CMSIS/Drivers/source/lpc17xx_qei.o
 .bss           0x10000268        0x0 E:/NXP/nxpmcu/LPC1700CMSIS/Drivers/source/lpc17xx_rit.o
 .bss           0x10000268        0x0 E:/NXP/nxpmcu/LPC1700CMSIS/Drivers/source/lpc17xx_rtc.o
 .bss           0x10000268        0x0 E:/NXP/nxpmcu/LPC1700CMSIS/Drivers/source/lpc17xx_spi.o
 .bss           0x10000268        0x0 E:/NXP/nxpmcu/LPC1700CMSIS/Drivers/source/lpc17xx_ssp.o
 .bss           0x10000268        0x0 E:/NXP/nxpmcu/LPC1700CMSIS/Drivers/source/lpc17xx_systick.o
 .bss           0x10000268        0x0 E:/NXP/nxpmcu/LPC1700CMSIS/Drivers/source/lpc17xx_timer.o
 .bss           0x10000268        0x0 E:/NXP/nxpmcu/LPC1700CMSIS/Drivers/source/lpc17xx_uart.o
 .bss           0x10000268        0x0 E:/NXP/nxpmcu/LPC1700CMSIS/Drivers/source/lpc17xx_wdt.o
 .bss           0x10000268        0x0 C:/Program Files/CodeSourcery/Sourcery G++ Lite/arm-none-eabi/lib/thumb2\libcs3.a(start_c.o)
 .bss           0x10000268        0x0 C:/Program Files/CodeSourcery/Sourcery G++ Lite/arm-none-eabi/lib/thumb2\libcs3unhosted.a(unhosted-start.o)
 .bss           0x10000268        0x0 C:/Program Files/CodeSourcery/Sourcery G++ Lite/arm-none-eabi/lib/thumb2\libc.a(lib_a-init.o)
 .bss           0x10000268        0x0 c:/program files/codesourcery/sourcery g++ lite/bin/../lib/gcc/arm-none-eabi/4.3.3/thumb2/crtend.o
 .bss           0x10000268        0x0 c:/program files/codesourcery/sourcery g++ lite/bin/../lib/gcc/arm-none-eabi/4.3.3/thumb2/crtn.o
 *(COMMON)
 COMMON         0x10000268       0x26 i2c_master_slave_int_test.o
                0x10000268                Slave_Buf
                0x10000278                complete_S
                0x10000279                slave_test
                0x1000027b                master_test
                0x1000027d                Master_Buf
                0x1000028d                complete_M
 *fill*         0x1000028e        0x2 00
 COMMON         0x10000290       0x28 E:/NXP/nxpmcu/LPC1700CMSIS/Drivers/source/debug_frmwrk.o
                0x10000290                _db_dec
                0x10000294                _db_dec_32
                0x10000298                _db_hex_32
                0x1000029c                _db_dec_16
                0x100002a0                _db_msg
                0x100002a4                _db_get_char
                0x100002a8                _db_msg_
                0x100002ac                _db_char
                0x100002b0                _db_hex
                0x100002b4                _db_hex_16
 *(.ram.b)
                0x100002b8                . = ALIGN (0x8)
                0x100002b8                _end = .
                0x100002b8                __end = .

.usb_ram
 *.o(USB_RAM)

.heap           0x100002b8     0x1000
 *(.heap)
 .heap          0x100002b8     0x1000 E:/NXP/nxpmcu/LPC1700CMSIS/Core/CM3/DeviceSupport/NXP/LPC17xx/startup/gcc/startup_LPC17xx.o
                0x100002b8                __cs3_heap_start
                0x100012b8                __cs3_heap_end

.stack          0x10007f00      0x100
 *(.stack)
 .stack         0x10007f00      0x100 E:/NXP/nxpmcu/LPC1700CMSIS/Core/CM3/DeviceSupport/NXP/LPC17xx/startup/gcc/startup_LPC17xx.o
                0x10007f00                __cs3_stack_mem
                0x10008000                _estack = .
                0x10008000                PROVIDE (estack, .)
                0x000055b0                __cs3_region_init_ram = LOADADDR (.data)
                0x00000218                __cs3_region_init_size_ram = (_edata - __cs3_region_start_ram)
                0x000000a0                __cs3_region_zero_size_ram = (_end - _edata)
                0x00008000                __cs3_region_size_ram = 0x8000
                0x00000001                __cs3_region_num = 0x1

.stab
 *(.stab)

.stabstr
 *(.stabstr)

.debug
 *(.debug)

.line
 *(.line)

.debug_srcinfo
 *(.debug_srcinfo)

.debug_sfnames
 *(.debug_sfnames)

.comment        0x00000000      0x4b4
 .comment       0x00000000       0x2b i2c_master_slave_int_test.o
 .comment       0x0000002b       0x2b E:/NXP/nxpmcu/LPC1700CMSIS/Core/CM3/CoreSupport/core_cm3.o
 .comment       0x00000056       0x2b E:/NXP/nxpmcu/LPC1700CMSIS/Core/CM3/DeviceSupport/NXP/LPC17xx/system_LPC17xx.o
 .comment       0x00000081       0x2b E:/NXP/nxpmcu/LPC1700CMSIS/Drivers/source/debug_frmwrk.o
 .comment       0x000000ac       0x2b E:/NXP/nxpmcu/LPC1700CMSIS/Drivers/source/lpc17xx_adc.o
 .comment       0x000000d7       0x2b E:/NXP/nxpmcu/LPC1700CMSIS/Drivers/source/lpc17xx_can.o
 .comment       0x00000102       0x2b E:/NXP/nxpmcu/LPC1700CMSIS/Drivers/source/lpc17xx_clkpwr.o
 .comment       0x0000012d       0x2b E:/NXP/nxpmcu/LPC1700CMSIS/Drivers/source/lpc17xx_dac.o
 .comment       0x00000158       0x2b E:/NXP/nxpmcu/LPC1700CMSIS/Drivers/source/lpc17xx_emac.o
 .comment       0x00000183       0x2b E:/NXP/nxpmcu/LPC1700CMSIS/Drivers/source/lpc17xx_exti.o
 .comment       0x000001ae       0x2b E:/NXP/nxpmcu/LPC1700CMSIS/Drivers/source/lpc17xx_gpdma.o
 .comment       0x000001d9       0x2b E:/NXP/nxpmcu/LPC1700CMSIS/Drivers/source/lpc17xx_gpio.o
 .comment       0x00000204       0x2b E:/NXP/nxpmcu/LPC1700CMSIS/Drivers/source/lpc17xx_i2c.o
 .comment       0x0000022f       0x2b E:/NXP/nxpmcu/LPC1700CMSIS/Drivers/source/lpc17xx_i2s.o
 .comment       0x0000025a       0x2b E:/NXP/nxpmcu/LPC1700CMSIS/Drivers/source/lpc17xx_libcfg_default.o
 .comment       0x00000285       0x2b E:/NXP/nxpmcu/LPC1700CMSIS/Drivers/source/lpc17xx_mcpwm.o
 .comment       0x000002b0       0x2b E:/NXP/nxpmcu/LPC1700CMSIS/Drivers/source/lpc17xx_nvic.o
 .comment       0x000002db       0x2b E:/NXP/nxpmcu/LPC1700CMSIS/Drivers/source/lpc17xx_pinsel.o
 .comment       0x00000306       0x2b E:/NXP/nxpmcu/LPC1700CMSIS/Drivers/source/lpc17xx_pwm.o
 .comment       0x00000331       0x2b E:/NXP/nxpmcu/LPC1700CMSIS/Drivers/source/lpc17xx_qei.o
 .comment       0x0000035c       0x2b E:/NXP/nxpmcu/LPC1700CMSIS/Drivers/source/lpc17xx_rit.o
 .comment       0x00000387       0x2b E:/NXP/nxpmcu/LPC1700CMSIS/Drivers/source/lpc17xx_rtc.o
 .comment       0x000003b2       0x2b E:/NXP/nxpmcu/LPC1700CMSIS/Drivers/source/lpc17xx_spi.o
 .comment       0x000003dd       0x2b E:/NXP/nxpmcu/LPC1700CMSIS/Drivers/source/lpc17xx_ssp.o
 .comment       0x00000408       0x2b E:/NXP/nxpmcu/LPC1700CMSIS/Drivers/source/lpc17xx_systick.o
 .comment       0x00000433       0x2b E:/NXP/nxpmcu/LPC1700CMSIS/Drivers/source/lpc17xx_timer.o
 .comment       0x0000045e       0x2b E:/NXP/nxpmcu/LPC1700CMSIS/Drivers/source/lpc17xx_uart.o
 .comment       0x00000489       0x2b E:/NXP/nxpmcu/LPC1700CMSIS/Drivers/source/lpc17xx_wdt.o

.debug_aranges  0x00000000      0x508
 *(.debug_aranges)
 .debug_aranges
                0x00000000       0x70 i2c_master_slave_int_test.o
 .debug_aranges
                0x00000070       0xc8 E:/NXP/nxpmcu/LPC1700CMSIS/Core/CM3/CoreSupport/core_cm3.o
 .debug_aranges
                0x00000138       0x28 E:/NXP/nxpmcu/LPC1700CMSIS/Core/CM3/DeviceSupport/NXP/LPC17xx/system_LPC17xx.o
 .debug_aranges
                0x00000160       0x28 E:/NXP/nxpmcu/LPC1700CMSIS/Core/CM3/DeviceSupport/NXP/LPC17xx/startup/gcc/startup_LPC17xx.o
 .debug_aranges
                0x00000188       0x70 E:/NXP/nxpmcu/LPC1700CMSIS/Drivers/source/debug_frmwrk.o
 .debug_aranges
                0x000001f8       0x80 E:/NXP/nxpmcu/LPC1700CMSIS/Drivers/source/lpc17xx_adc.o
 .debug_aranges
                0x00000278       0x60 E:/NXP/nxpmcu/LPC1700CMSIS/Drivers/source/lpc17xx_clkpwr.o
 .debug_aranges
                0x000002d8       0x40 E:/NXP/nxpmcu/LPC1700CMSIS/Drivers/source/lpc17xx_gpdma.o
 .debug_aranges
                0x00000318       0xd0 E:/NXP/nxpmcu/LPC1700CMSIS/Drivers/source/lpc17xx_i2c.o
 .debug_aranges
                0x000003e8       0x30 E:/NXP/nxpmcu/LPC1700CMSIS/Drivers/source/lpc17xx_nvic.o
 .debug_aranges
                0x00000418       0x48 E:/NXP/nxpmcu/LPC1700CMSIS/Drivers/source/lpc17xx_pinsel.o
 .debug_aranges
                0x00000460       0xa8 E:/NXP/nxpmcu/LPC1700CMSIS/Drivers/source/lpc17xx_uart.o

.debug_pubnames
                0x00000000      0x9eb
 *(.debug_pubnames)
 .debug_pubnames
                0x00000000      0x105 i2c_master_slave_int_test.o
 .debug_pubnames
                0x00000105      0x159 E:/NXP/nxpmcu/LPC1700CMSIS/Core/CM3/CoreSupport/core_cm3.o
 .debug_pubnames
                0x0000025e       0x4f E:/NXP/nxpmcu/LPC1700CMSIS/Core/CM3/DeviceSupport/NXP/LPC17xx/system_LPC17xx.o
 .debug_pubnames
                0x000002ad      0x150 E:/NXP/nxpmcu/LPC1700CMSIS/Drivers/source/debug_frmwrk.o
 .debug_pubnames
                0x000003fd      0x110 E:/NXP/nxpmcu/LPC1700CMSIS/Drivers/source/lpc17xx_adc.o
 .debug_pubnames
                0x0000050d       0xbb E:/NXP/nxpmcu/LPC1700CMSIS/Drivers/source/lpc17xx_clkpwr.o
 .debug_pubnames
                0x000005c8       0xc3 E:/NXP/nxpmcu/LPC1700CMSIS/Drivers/source/lpc17xx_gpdma.o
 .debug_pubnames
                0x0000068b      0x163 E:/NXP/nxpmcu/LPC1700CMSIS/Drivers/source/lpc17xx_i2c.o
 .debug_pubnames
                0x000007ee       0x46 E:/NXP/nxpmcu/LPC1700CMSIS/Drivers/source/lpc17xx_nvic.o
 .debug_pubnames
                0x00000834       0x59 E:/NXP/nxpmcu/LPC1700CMSIS/Drivers/source/lpc17xx_pinsel.o
 .debug_pubnames
                0x0000088d      0x15e E:/NXP/nxpmcu/LPC1700CMSIS/Drivers/source/lpc17xx_uart.o

.debug_info     0x00000000     0x5c1c
 *(.debug_info .gnu.linkonce.wi.*)
 .debug_info    0x00000000      0xc50 i2c_master_slave_int_test.o
 .debug_info    0x00000c50      0x544 E:/NXP/nxpmcu/LPC1700CMSIS/Core/CM3/CoreSupport/core_cm3.o
 .debug_info    0x00001194      0x4cb E:/NXP/nxpmcu/LPC1700CMSIS/Core/CM3/DeviceSupport/NXP/LPC17xx/system_LPC17xx.o
 .debug_info    0x0000165f       0xc0 E:/NXP/nxpmcu/LPC1700CMSIS/Core/CM3/DeviceSupport/NXP/LPC17xx/startup/gcc/startup_LPC17xx.o
 .debug_info    0x0000171f      0x899 E:/NXP/nxpmcu/LPC1700CMSIS/Drivers/source/debug_frmwrk.o
 .debug_info    0x00001fb8      0x5f9 E:/NXP/nxpmcu/LPC1700CMSIS/Drivers/source/lpc17xx_adc.o
 .debug_info    0x000025b1       0x85 E:/NXP/nxpmcu/LPC1700CMSIS/Drivers/source/lpc17xx_can.o
 .debug_info    0x00002636      0x639 E:/NXP/nxpmcu/LPC1700CMSIS/Drivers/source/lpc17xx_clkpwr.o
 .debug_info    0x00002c6f       0x85 E:/NXP/nxpmcu/LPC1700CMSIS/Drivers/source/lpc17xx_dac.o
 .debug_info    0x00002cf4       0x85 E:/NXP/nxpmcu/LPC1700CMSIS/Drivers/source/lpc17xx_emac.o
 .debug_info    0x00002d79       0x85 E:/NXP/nxpmcu/LPC1700CMSIS/Drivers/source/lpc17xx_exti.o
 .debug_info    0x00002dfe      0x506 E:/NXP/nxpmcu/LPC1700CMSIS/Drivers/source/lpc17xx_gpdma.o
 .debug_info    0x00003304       0x85 E:/NXP/nxpmcu/LPC1700CMSIS/Drivers/source/lpc17xx_gpio.o
 .debug_info    0x00003389      0xd92 E:/NXP/nxpmcu/LPC1700CMSIS/Drivers/source/lpc17xx_i2c.o
 .debug_info    0x0000411b       0x85 E:/NXP/nxpmcu/LPC1700CMSIS/Drivers/source/lpc17xx_i2s.o
 .debug_info    0x000041a0       0x6f E:/NXP/nxpmcu/LPC1700CMSIS/Drivers/source/lpc17xx_libcfg_default.o
 .debug_info    0x0000420f       0x85 E:/NXP/nxpmcu/LPC1700CMSIS/Drivers/source/lpc17xx_mcpwm.o
 .debug_info    0x00004294      0x3d0 E:/NXP/nxpmcu/LPC1700CMSIS/Drivers/source/lpc17xx_nvic.o
 .debug_info    0x00004664      0x490 E:/NXP/nxpmcu/LPC1700CMSIS/Drivers/source/lpc17xx_pinsel.o
 .debug_info    0x00004af4       0x85 E:/NXP/nxpmcu/LPC1700CMSIS/Drivers/source/lpc17xx_pwm.o
 .debug_info    0x00004b79       0x85 E:/NXP/nxpmcu/LPC1700CMSIS/Drivers/source/lpc17xx_qei.o
 .debug_info    0x00004bfe       0x85 E:/NXP/nxpmcu/LPC1700CMSIS/Drivers/source/lpc17xx_rit.o
 .debug_info    0x00004c83       0x85 E:/NXP/nxpmcu/LPC1700CMSIS/Drivers/source/lpc17xx_rtc.o
 .debug_info    0x00004d08       0x85 E:/NXP/nxpmcu/LPC1700CMSIS/Drivers/source/lpc17xx_spi.o
 .debug_info    0x00004d8d       0x85 E:/NXP/nxpmcu/LPC1700CMSIS/Drivers/source/lpc17xx_ssp.o
 .debug_info    0x00004e12       0x85 E:/NXP/nxpmcu/LPC1700CMSIS/Drivers/source/lpc17xx_systick.o
 .debug_info    0x00004e97       0x85 E:/NXP/nxpmcu/LPC1700CMSIS/Drivers/source/lpc17xx_timer.o
 .debug_info    0x00004f1c      0xc7b E:/NXP/nxpmcu/LPC1700CMSIS/Drivers/source/lpc17xx_uart.o
 .debug_info    0x00005b97       0x85 E:/NXP/nxpmcu/LPC1700CMSIS/Drivers/source/lpc17xx_wdt.o

.debug_abbrev   0x00000000     0x14b1
 *(.debug_abbrev)
 .debug_abbrev  0x00000000      0x262 i2c_master_slave_int_test.o
 .debug_abbrev  0x00000262       0xd5 E:/NXP/nxpmcu/LPC1700CMSIS/Core/CM3/CoreSupport/core_cm3.o
 .debug_abbrev  0x00000337       0xcf E:/NXP/nxpmcu/LPC1700CMSIS/Core/CM3/DeviceSupport/NXP/LPC17xx/system_LPC17xx.o
 .debug_abbrev  0x00000406       0x12 E:/NXP/nxpmcu/LPC1700CMSIS/Core/CM3/DeviceSupport/NXP/LPC17xx/startup/gcc/startup_LPC17xx.o
 .debug_abbrev  0x00000418      0x1be E:/NXP/nxpmcu/LPC1700CMSIS/Drivers/source/debug_frmwrk.o
 .debug_abbrev  0x000005d6      0x144 E:/NXP/nxpmcu/LPC1700CMSIS/Drivers/source/lpc17xx_adc.o
 .debug_abbrev  0x0000071a       0x49 E:/NXP/nxpmcu/LPC1700CMSIS/Drivers/source/lpc17xx_can.o
 .debug_abbrev  0x00000763      0x179 E:/NXP/nxpmcu/LPC1700CMSIS/Drivers/source/lpc17xx_clkpwr.o
 .debug_abbrev  0x000008dc       0x49 E:/NXP/nxpmcu/LPC1700CMSIS/Drivers/source/lpc17xx_dac.o
 .debug_abbrev  0x00000925       0x49 E:/NXP/nxpmcu/LPC1700CMSIS/Drivers/source/lpc17xx_emac.o
 .debug_abbrev  0x0000096e       0x49 E:/NXP/nxpmcu/LPC1700CMSIS/Drivers/source/lpc17xx_exti.o
 .debug_abbrev  0x000009b7      0x17a E:/NXP/nxpmcu/LPC1700CMSIS/Drivers/source/lpc17xx_gpdma.o
 .debug_abbrev  0x00000b31       0x49 E:/NXP/nxpmcu/LPC1700CMSIS/Drivers/source/lpc17xx_gpio.o
 .debug_abbrev  0x00000b7a      0x21b E:/NXP/nxpmcu/LPC1700CMSIS/Drivers/source/lpc17xx_i2c.o
 .debug_abbrev  0x00000d95       0x49 E:/NXP/nxpmcu/LPC1700CMSIS/Drivers/source/lpc17xx_i2s.o
 .debug_abbrev  0x00000dde       0x28 E:/NXP/nxpmcu/LPC1700CMSIS/Drivers/source/lpc17xx_libcfg_default.o
 .debug_abbrev  0x00000e06       0x49 E:/NXP/nxpmcu/LPC1700CMSIS/Drivers/source/lpc17xx_mcpwm.o
 .debug_abbrev  0x00000e4f       0xe7 E:/NXP/nxpmcu/LPC1700CMSIS/Drivers/source/lpc17xx_nvic.o
 .debug_abbrev  0x00000f36      0x124 E:/NXP/nxpmcu/LPC1700CMSIS/Drivers/source/lpc17xx_pinsel.o
 .debug_abbrev  0x0000105a       0x49 E:/NXP/nxpmcu/LPC1700CMSIS/Drivers/source/lpc17xx_pwm.o
 .debug_abbrev  0x000010a3       0x49 E:/NXP/nxpmcu/LPC1700CMSIS/Drivers/source/lpc17xx_qei.o
 .debug_abbrev  0x000010ec       0x49 E:/NXP/nxpmcu/LPC1700CMSIS/Drivers/source/lpc17xx_rit.o
 .debug_abbrev  0x00001135       0x49 E:/NXP/nxpmcu/LPC1700CMSIS/Drivers/source/lpc17xx_rtc.o
 .debug_abbrev  0x0000117e       0x49 E:/NXP/nxpmcu/LPC1700CMSIS/Drivers/source/lpc17xx_spi.o
 .debug_abbrev  0x000011c7       0x49 E:/NXP/nxpmcu/LPC1700CMSIS/Drivers/source/lpc17xx_ssp.o
 .debug_abbrev  0x00001210       0x49 E:/NXP/nxpmcu/LPC1700CMSIS/Drivers/source/lpc17xx_systick.o
 .debug_abbrev  0x00001259       0x49 E:/NXP/nxpmcu/LPC1700CMSIS/Drivers/source/lpc17xx_timer.o
 .debug_abbrev  0x000012a2      0x1c6 E:/NXP/nxpmcu/LPC1700CMSIS/Drivers/source/lpc17xx_uart.o
 .debug_abbrev  0x00001468       0x49 E:/NXP/nxpmcu/LPC1700CMSIS/Drivers/source/lpc17xx_wdt.o

.debug_line     0x00000000     0x24c6
 *(.debug_line)
 .debug_line    0x00000000      0x310 i2c_master_slave_int_test.o
 .debug_line    0x00000310      0x28a E:/NXP/nxpmcu/LPC1700CMSIS/Core/CM3/CoreSupport/core_cm3.o
 .debug_line    0x0000059a      0x192 E:/NXP/nxpmcu/LPC1700CMSIS/Core/CM3/DeviceSupport/NXP/LPC17xx/system_LPC17xx.o
 .debug_line    0x0000072c       0xaa E:/NXP/nxpmcu/LPC1700CMSIS/Core/CM3/DeviceSupport/NXP/LPC17xx/startup/gcc/startup_LPC17xx.o
 .debug_line    0x000007d6      0x2e7 E:/NXP/nxpmcu/LPC1700CMSIS/Drivers/source/debug_frmwrk.o
 .debug_line    0x00000abd      0x2cc E:/NXP/nxpmcu/LPC1700CMSIS/Drivers/source/lpc17xx_adc.o
 .debug_line    0x00000d89       0x5b E:/NXP/nxpmcu/LPC1700CMSIS/Drivers/source/lpc17xx_can.o
 .debug_line    0x00000de4      0x279 E:/NXP/nxpmcu/LPC1700CMSIS/Drivers/source/lpc17xx_clkpwr.o
 .debug_line    0x0000105d       0x5b E:/NXP/nxpmcu/LPC1700CMSIS/Drivers/source/lpc17xx_dac.o
 .debug_line    0x000010b8       0x5b E:/NXP/nxpmcu/LPC1700CMSIS/Drivers/source/lpc17xx_emac.o
 .debug_line    0x00001113       0x5b E:/NXP/nxpmcu/LPC1700CMSIS/Drivers/source/lpc17xx_exti.o
 .debug_line    0x0000116e      0x26b E:/NXP/nxpmcu/LPC1700CMSIS/Drivers/source/lpc17xx_gpdma.o
 .debug_line    0x000013d9       0x5b E:/NXP/nxpmcu/LPC1700CMSIS/Drivers/source/lpc17xx_gpio.o
 .debug_line    0x00001434      0x4cc E:/NXP/nxpmcu/LPC1700CMSIS/Drivers/source/lpc17xx_i2c.o
 .debug_line    0x00001900       0x5b E:/NXP/nxpmcu/LPC1700CMSIS/Drivers/source/lpc17xx_i2s.o
 .debug_line    0x0000195b       0x1d E:/NXP/nxpmcu/LPC1700CMSIS/Drivers/source/lpc17xx_libcfg_default.o
 .debug_line    0x00001978       0x5b E:/NXP/nxpmcu/LPC1700CMSIS/Drivers/source/lpc17xx_mcpwm.o
 .debug_line    0x000019d3      0x15e E:/NXP/nxpmcu/LPC1700CMSIS/Drivers/source/lpc17xx_nvic.o
 .debug_line    0x00001b31      0x23f E:/NXP/nxpmcu/LPC1700CMSIS/Drivers/source/lpc17xx_pinsel.o
 .debug_line    0x00001d70       0x5b E:/NXP/nxpmcu/LPC1700CMSIS/Drivers/source/lpc17xx_pwm.o
 .debug_line    0x00001dcb       0x5b E:/NXP/nxpmcu/LPC1700CMSIS/Drivers/source/lpc17xx_qei.o
 .debug_line    0x00001e26       0x5b E:/NXP/nxpmcu/LPC1700CMSIS/Drivers/source/lpc17xx_rit.o
 .debug_line    0x00001e81       0x5b E:/NXP/nxpmcu/LPC1700CMSIS/Drivers/source/lpc17xx_rtc.o
 .debug_line    0x00001edc       0x5b E:/NXP/nxpmcu/LPC1700CMSIS/Drivers/source/lpc17xx_spi.o
 .debug_line    0x00001f37       0x5b E:/NXP/nxpmcu/LPC1700CMSIS/Drivers/source/lpc17xx_ssp.o
 .debug_line    0x00001f92       0x5b E:/NXP/nxpmcu/LPC1700CMSIS/Drivers/source/lpc17xx_systick.o
 .debug_line    0x00001fed       0x5b E:/NXP/nxpmcu/LPC1700CMSIS/Drivers/source/lpc17xx_timer.o
 .debug_line    0x00002048      0x423 E:/NXP/nxpmcu/LPC1700CMSIS/Drivers/source/lpc17xx_uart.o
 .debug_line    0x0000246b       0x5b E:/NXP/nxpmcu/LPC1700CMSIS/Drivers/source/lpc17xx_wdt.o

.debug_frame    0x00000000      0xf1c
 *(.debug_frame)
 .debug_frame   0x00000000      0x148 i2c_master_slave_int_test.o
 .debug_frame   0x00000148      0x248 E:/NXP/nxpmcu/LPC1700CMSIS/Core/CM3/CoreSupport/core_cm3.o
 .debug_frame   0x00000390       0x40 E:/NXP/nxpmcu/LPC1700CMSIS/Core/CM3/DeviceSupport/NXP/LPC17xx/system_LPC17xx.o
 .debug_frame   0x000003d0      0x170 E:/NXP/nxpmcu/LPC1700CMSIS/Drivers/source/debug_frmwrk.o
 .debug_frame   0x00000540      0x1ac E:/NXP/nxpmcu/LPC1700CMSIS/Drivers/source/lpc17xx_adc.o
 .debug_frame   0x000006ec      0x10c E:/NXP/nxpmcu/LPC1700CMSIS/Drivers/source/lpc17xx_clkpwr.o
 .debug_frame   0x000007f8       0xa4 E:/NXP/nxpmcu/LPC1700CMSIS/Drivers/source/lpc17xx_gpdma.o
 .debug_frame   0x0000089c      0x2d0 E:/NXP/nxpmcu/LPC1700CMSIS/Drivers/source/lpc17xx_i2c.o
 .debug_frame   0x00000b6c       0x64 E:/NXP/nxpmcu/LPC1700CMSIS/Drivers/source/lpc17xx_nvic.o
 .debug_frame   0x00000bd0       0xbc E:/NXP/nxpmcu/LPC1700CMSIS/Drivers/source/lpc17xx_pinsel.o
 .debug_frame   0x00000c8c      0x244 E:/NXP/nxpmcu/LPC1700CMSIS/Drivers/source/lpc17xx_uart.o
 .debug_frame   0x00000ed0       0x20 C:/Program Files/CodeSourcery/Sourcery G++ Lite/arm-none-eabi/lib/thumb2\libcs3.a(start_c.o)
 .debug_frame   0x00000ef0       0x2c C:/Program Files/CodeSourcery/Sourcery G++ Lite/arm-none-eabi/lib/thumb2\libc.a(lib_a-init.o)

.debug_str      0x00000000     0x21f6
 *(.debug_str)
 .debug_str     0x00000000      0x6c6 i2c_master_slave_int_test.o
                                0x709 (size before relaxing)
 .debug_str     0x000006c6      0x177 E:/NXP/nxpmcu/LPC1700CMSIS/Core/CM3/CoreSupport/core_cm3.o
                                0x22e (size before relaxing)
 .debug_str     0x0000083d      0x175 E:/NXP/nxpmcu/LPC1700CMSIS/Core/CM3/DeviceSupport/NXP/LPC17xx/system_LPC17xx.o
                                0x2ae (size before relaxing)
 .debug_str     0x000009b2      0x268 E:/NXP/nxpmcu/LPC1700CMSIS/Drivers/source/debug_frmwrk.o
                                0x3e4 (size before relaxing)
 .debug_str     0x00000c1a      0x389 E:/NXP/nxpmcu/LPC1700CMSIS/Drivers/source/lpc17xx_adc.o
                                0x484 (size before relaxing)
 .debug_str     0x00000fa3       0x38 E:/NXP/nxpmcu/LPC1700CMSIS/Drivers/source/lpc17xx_can.o
                                 0xda (size before relaxing)
 .debug_str     0x00000fdb       0xee E:/NXP/nxpmcu/LPC1700CMSIS/Drivers/source/lpc17xx_clkpwr.o
                                0x359 (size before relaxing)
 .debug_str     0x000010c9       0x38 E:/NXP/nxpmcu/LPC1700CMSIS/Drivers/source/lpc17xx_dac.o
                                 0xda (size before relaxing)
 .debug_str     0x00001101       0x39 E:/NXP/nxpmcu/LPC1700CMSIS/Drivers/source/lpc17xx_emac.o
                                 0xdb (size before relaxing)
 .debug_str     0x0000113a       0x39 E:/NXP/nxpmcu/LPC1700CMSIS/Drivers/source/lpc17xx_exti.o
                                 0xdb (size before relaxing)
 .debug_str     0x00001173      0x359 E:/NXP/nxpmcu/LPC1700CMSIS/Drivers/source/lpc17xx_gpdma.o
                                0x44e (size before relaxing)
 .debug_str     0x000014cc       0x39 E:/NXP/nxpmcu/LPC1700CMSIS/Drivers/source/lpc17xx_gpio.o
                                 0xdb (size before relaxing)
 .debug_str     0x00001505      0x305 E:/NXP/nxpmcu/LPC1700CMSIS/Drivers/source/lpc17xx_i2c.o
                                0x82f (size before relaxing)
 .debug_str     0x0000180a       0x38 E:/NXP/nxpmcu/LPC1700CMSIS/Drivers/source/lpc17xx_i2s.o
                                 0xda (size before relaxing)
 .debug_str     0x00001842       0x43 E:/NXP/nxpmcu/LPC1700CMSIS/Drivers/source/lpc17xx_libcfg_default.o
                                 0xd8 (size before relaxing)
 .debug_str     0x00001885       0x3a E:/NXP/nxpmcu/LPC1700CMSIS/Drivers/source/lpc17xx_mcpwm.o
                                 0xdc (size before relaxing)
 .debug_str     0x000018bf       0x68 E:/NXP/nxpmcu/LPC1700CMSIS/Drivers/source/lpc17xx_nvic.o
                                0x1b9 (size before relaxing)
 .debug_str     0x00001927      0x212 E:/NXP/nxpmcu/LPC1700CMSIS/Drivers/source/lpc17xx_pinsel.o
                                0x337 (size before relaxing)
 .debug_str     0x00001b39       0x38 E:/NXP/nxpmcu/LPC1700CMSIS/Drivers/source/lpc17xx_pwm.o
                                 0xda (size before relaxing)
 .debug_str     0x00001b71       0x38 E:/NXP/nxpmcu/LPC1700CMSIS/Drivers/source/lpc17xx_qei.o
                                 0xda (size before relaxing)
 .debug_str     0x00001ba9       0x38 E:/NXP/nxpmcu/LPC1700CMSIS/Drivers/source/lpc17xx_rit.o
                                 0xda (size before relaxing)
 .debug_str     0x00001be1       0x38 E:/NXP/nxpmcu/LPC1700CMSIS/Drivers/source/lpc17xx_rtc.o
                                 0xda (size before relaxing)
 .debug_str     0x00001c19       0x38 E:/NXP/nxpmcu/LPC1700CMSIS/Drivers/source/lpc17xx_spi.o
                                 0xda (size before relaxing)
 .debug_str     0x00001c51       0x38 E:/NXP/nxpmcu/LPC1700CMSIS/Drivers/source/lpc17xx_ssp.o
                                 0xda (size before relaxing)
 .debug_str     0x00001c89       0x3c E:/NXP/nxpmcu/LPC1700CMSIS/Drivers/source/lpc17xx_systick.o
                                 0xde (size before relaxing)
 .debug_str     0x00001cc5       0x3a E:/NXP/nxpmcu/LPC1700CMSIS/Drivers/source/lpc17xx_timer.o
                                 0xdc (size before relaxing)
 .debug_str     0x00001cff      0x4bf E:/NXP/nxpmcu/LPC1700CMSIS/Drivers/source/lpc17xx_uart.o
                                0x76e (size before relaxing)
 .debug_str     0x000021be       0x38 E:/NXP/nxpmcu/LPC1700CMSIS/Drivers/source/lpc17xx_wdt.o
                                 0xda (size before relaxing)

.debug_loc      0x00000000     0x1907
 *(.debug_loc)
 .debug_loc     0x00000000      0x22f i2c_master_slave_int_test.o
 .debug_loc     0x0000022f      0x3de E:/NXP/nxpmcu/LPC1700CMSIS/Core/CM3/CoreSupport/core_cm3.o
 .debug_loc     0x0000060d       0x56 E:/NXP/nxpmcu/LPC1700CMSIS/Core/CM3/DeviceSupport/NXP/LPC17xx/system_LPC17xx.o
 .debug_loc     0x00000663      0x25f E:/NXP/nxpmcu/LPC1700CMSIS/Drivers/source/debug_frmwrk.o
 .debug_loc     0x000008c2      0x2cb E:/NXP/nxpmcu/LPC1700CMSIS/Drivers/source/lpc17xx_adc.o
 .debug_loc     0x00000b8d      0x1b3 E:/NXP/nxpmcu/LPC1700CMSIS/Drivers/source/lpc17xx_clkpwr.o
 .debug_loc     0x00000d40      0x107 E:/NXP/nxpmcu/LPC1700CMSIS/Drivers/source/lpc17xx_gpdma.o
 .debug_loc     0x00000e47      0x4f1 E:/NXP/nxpmcu/LPC1700CMSIS/Drivers/source/lpc17xx_i2c.o
 .debug_loc     0x00001338       0xa5 E:/NXP/nxpmcu/LPC1700CMSIS/Drivers/source/lpc17xx_nvic.o
 .debug_loc     0x000013dd      0x14a E:/NXP/nxpmcu/LPC1700CMSIS/Drivers/source/lpc17xx_pinsel.o
 .debug_loc     0x00001527      0x3e0 E:/NXP/nxpmcu/LPC1700CMSIS/Drivers/source/lpc17xx_uart.o

.debug_macinfo
 *(.debug_macinfo)

.debug_weaknames
 *(.debug_weaknames)

.debug_funcnames
 *(.debug_funcnames)

.debug_typenames
 *(.debug_typenames)

.debug_varnames
 *(.debug_varnames)

.note.gnu.arm.ident
 *(.note.gnu.arm.ident)

.ARM.attributes
                0x00000000       0x25
 *(.ARM.attributes)
 .ARM.attributes
                0x00000000       0x17 c:/program files/codesourcery/sourcery g++ lite/bin/../lib/gcc/arm-none-eabi/4.3.3/thumb2/crti.o
 .ARM.attributes
                0x00000017       0x27 c:/program files/codesourcery/sourcery g++ lite/bin/../lib/gcc/arm-none-eabi/4.3.3/thumb2/crtbegin.o
 .ARM.attributes
                0x0000003e       0x31 i2c_master_slave_int_test.o
 .ARM.attributes
                0x0000006f       0x31 E:/NXP/nxpmcu/LPC1700CMSIS/Core/CM3/CoreSupport/core_cm3.o
 .ARM.attributes
                0x000000a0       0x31 E:/NXP/nxpmcu/LPC1700CMSIS/Core/CM3/DeviceSupport/NXP/LPC17xx/system_LPC17xx.o
 .ARM.attributes
                0x000000d1       0x21 E:/NXP/nxpmcu/LPC1700CMSIS/Core/CM3/DeviceSupport/NXP/LPC17xx/startup/gcc/startup_LPC17xx.o
 .ARM.attributes
                0x000000f2       0x31 E:/NXP/nxpmcu/LPC1700CMSIS/Drivers/source/debug_frmwrk.o
 .ARM.attributes
                0x00000123       0x31 E:/NXP/nxpmcu/LPC1700CMSIS/Drivers/source/lpc17xx_adc.o
 .ARM.attributes
                0x00000154       0x31 E:/NXP/nxpmcu/LPC1700CMSIS/Drivers/source/lpc17xx_can.o
 .ARM.attributes
                0x00000185       0x31 E:/NXP/nxpmcu/LPC1700CMSIS/Drivers/source/lpc17xx_clkpwr.o
 .ARM.attributes
                0x000001b6       0x31 E:/NXP/nxpmcu/LPC1700CMSIS/Drivers/source/lpc17xx_dac.o
 .ARM.attributes
                0x000001e7       0x31 E:/NXP/nxpmcu/LPC1700CMSIS/Drivers/source/lpc17xx_emac.o
 .ARM.attributes
                0x00000218       0x31 E:/NXP/nxpmcu/LPC1700CMSIS/Drivers/source/lpc17xx_exti.o
 .ARM.attributes
                0x00000249       0x31 E:/NXP/nxpmcu/LPC1700CMSIS/Drivers/source/lpc17xx_gpdma.o
 .ARM.attributes
                0x0000027a       0x31 E:/NXP/nxpmcu/LPC1700CMSIS/Drivers/source/lpc17xx_gpio.o
 .ARM.attributes
                0x000002ab       0x31 E:/NXP/nxpmcu/LPC1700CMSIS/Drivers/source/lpc17xx_i2c.o
 .ARM.attributes
                0x000002dc       0x31 E:/NXP/nxpmcu/LPC1700CMSIS/Drivers/source/lpc17xx_i2s.o
 .ARM.attributes
                0x0000030d       0x31 E:/NXP/nxpmcu/LPC1700CMSIS/Drivers/source/lpc17xx_libcfg_default.o
 .ARM.attributes
                0x0000033e       0x31 E:/NXP/nxpmcu/LPC1700CMSIS/Drivers/source/lpc17xx_mcpwm.o
 .ARM.attributes
                0x0000036f       0x31 E:/NXP/nxpmcu/LPC1700CMSIS/Drivers/source/lpc17xx_nvic.o
 .ARM.attributes
                0x000003a0       0x31 E:/NXP/nxpmcu/LPC1700CMSIS/Drivers/source/lpc17xx_pinsel.o
 .ARM.attributes
                0x000003d1       0x31 E:/NXP/nxpmcu/LPC1700CMSIS/Drivers/source/lpc17xx_pwm.o
 .ARM.attributes
                0x00000402       0x31 E:/NXP/nxpmcu/LPC1700CMSIS/Drivers/source/lpc17xx_qei.o
 .ARM.attributes
                0x00000433       0x31 E:/NXP/nxpmcu/LPC1700CMSIS/Drivers/source/lpc17xx_rit.o
 .ARM.attributes
                0x00000464       0x31 E:/NXP/nxpmcu/LPC1700CMSIS/Drivers/source/lpc17xx_rtc.o
 .ARM.attributes
                0x00000495       0x31 E:/NXP/nxpmcu/LPC1700CMSIS/Drivers/source/lpc17xx_spi.o
 .ARM.attributes
                0x000004c6       0x31 E:/NXP/nxpmcu/LPC1700CMSIS/Drivers/source/lpc17xx_ssp.o
 .ARM.attributes
                0x000004f7       0x31 E:/NXP/nxpmcu/LPC1700CMSIS/Drivers/source/lpc17xx_systick.o
 .ARM.attributes
                0x00000528       0x31 E:/NXP/nxpmcu/LPC1700CMSIS/Drivers/source/lpc17xx_timer.o
 .ARM.attributes
                0x00000559       0x31 E:/NXP/nxpmcu/LPC1700CMSIS/Drivers/source/lpc17xx_uart.o
 .ARM.attributes
                0x0000058a       0x31 E:/NXP/nxpmcu/LPC1700CMSIS/Drivers/source/lpc17xx_wdt.o
 .ARM.attributes
                0x000005bb       0x27 C:/Program Files/CodeSourcery/Sourcery G++ Lite/arm-none-eabi/lib/thumb2\libcs3.a(start_c.o)
 .ARM.attributes
                0x000005e2       0x17 C:/Program Files/CodeSourcery/Sourcery G++ Lite/arm-none-eabi/lib/thumb2\libcs3unhosted.a(unhosted-start.o)
 .ARM.attributes
                0x000005f9       0x27 C:/Program Files/CodeSourcery/Sourcery G++ Lite/arm-none-eabi/lib/thumb2\libc.a(lib_a-init.o)
 .ARM.attributes
                0x00000620       0x27 c:/program files/codesourcery/sourcery g++ lite/bin/../lib/gcc/arm-none-eabi/4.3.3/thumb2/crtend.o
 .ARM.attributes
                0x00000647       0x17 c:/program files/codesourcery/sourcery g++ lite/bin/../lib/gcc/arm-none-eabi/4.3.3/thumb2/crtn.o

/DISCARD/
 *(.note.GNU-stack)
START GROUP
LOAD C:/Program Files/CodeSourcery/Sourcery G++ Lite/lib/gcc/arm-none-eabi/4.3.3/thumb2\libgcc.a
LOAD C:/Program Files/CodeSourcery/Sourcery G++ Lite/arm-none-eabi/lib/thumb2\libc.a
END GROUP
LOAD c:/program files/codesourcery/sourcery g++ lite/bin/../lib/gcc/arm-none-eabi/4.3.3/thumb2/crtend.o
LOAD c:/program files/codesourcery/sourcery g++ lite/bin/../lib/gcc/arm-none-eabi/4.3.3/thumb2/crtn.o
OUTPUT(i2c_master_slave_int_test.elf elf32-littlearm)

.debug_ranges   0x00000000      0x4a8
 .debug_ranges  0x00000000       0x68 i2c_master_slave_int_test.o
 .debug_ranges  0x00000068       0xc0 E:/NXP/nxpmcu/LPC1700CMSIS/Core/CM3/CoreSupport/core_cm3.o
 .debug_ranges  0x00000128       0x20 E:/NXP/nxpmcu/LPC1700CMSIS/Core/CM3/DeviceSupport/NXP/LPC17xx/system_LPC17xx.o
 .debug_ranges  0x00000148       0x20 E:/NXP/nxpmcu/LPC1700CMSIS/Core/CM3/DeviceSupport/NXP/LPC17xx/startup/gcc/startup_LPC17xx.o
 .debug_ranges  0x00000168       0x68 E:/NXP/nxpmcu/LPC1700CMSIS/Drivers/source/debug_frmwrk.o
 .debug_ranges  0x000001d0       0x78 E:/NXP/nxpmcu/LPC1700CMSIS/Drivers/source/lpc17xx_adc.o
 .debug_ranges  0x00000248       0x58 E:/NXP/nxpmcu/LPC1700CMSIS/Drivers/source/lpc17xx_clkpwr.o
 .debug_ranges  0x000002a0       0x38 E:/NXP/nxpmcu/LPC1700CMSIS/Drivers/source/lpc17xx_gpdma.o
 .debug_ranges  0x000002d8       0xc8 E:/NXP/nxpmcu/LPC1700CMSIS/Drivers/source/lpc17xx_i2c.o
 .debug_ranges  0x000003a0       0x28 E:/NXP/nxpmcu/LPC1700CMSIS/Drivers/source/lpc17xx_nvic.o
 .debug_ranges  0x000003c8       0x40 E:/NXP/nxpmcu/LPC1700CMSIS/Drivers/source/lpc17xx_pinsel.o
 .debug_ranges  0x00000408       0xa0 E:/NXP/nxpmcu/LPC1700CMSIS/Drivers/source/lpc17xx_uart.o
